Archive member included to satisfy reference by file (symbol)

c:/program files/microchip/xc32/v2.50/bin/bin/../../lib/gcc/pic32c/6.2.1/../../../../pic32c/lib\libpic32c.a(data_init.o)
                              build/default/production/_ext/1171490990/startup_xc32.o (__pic32c_data_initialization)
c:/program files/microchip/xc32/v2.50/bin/bin/../../lib/gcc/pic32c/6.2.1\libgcc.a(_udivsi3.o)
                              build/default/production/_ext/17022449/plib_sercom1_spi_master.o (__aeabi_uidiv)
c:/program files/microchip/xc32/v2.50/bin/bin/../../lib/gcc/pic32c/6.2.1\libgcc.a(_dvmd_tls.o)
                              c:/program files/microchip/xc32/v2.50/bin/bin/../../lib/gcc/pic32c/6.2.1\libgcc.a(_udivsi3.o) (__aeabi_idiv0)
c:/program files/microchip/xc32/v2.50/bin/bin/../../lib/gcc/pic32c/6.2.1\libgcc.a(_aeabi_uldivmod.o)
                              build/default/production/_ext/504274921/plib_sercom5_usart.o (__aeabi_uldivmod)
c:/program files/microchip/xc32/v2.50/bin/bin/../../lib/gcc/pic32c/6.2.1\libgcc.a(_muldi3.o)
                              build/default/production/_ext/504274921/plib_sercom5_usart.o (__aeabi_lmul)
c:/program files/microchip/xc32/v2.50/bin/bin/../../lib/gcc/pic32c/6.2.1\libgcc.a(_udivmoddi4.o)
                              c:/program files/microchip/xc32/v2.50/bin/bin/../../lib/gcc/pic32c/6.2.1\libgcc.a(_aeabi_uldivmod.o) (__udivmoddi4)
c:/program files/microchip/xc32/v2.50/bin/bin/../../lib/gcc/pic32c/6.2.1\libgcc.a(_lshrdi3.o)
                              c:/program files/microchip/xc32/v2.50/bin/bin/../../lib/gcc/pic32c/6.2.1\libgcc.a(_udivmoddi4.o) (__aeabi_llsr)
c:/program files/microchip/xc32/v2.50/bin/bin/../../lib/gcc/pic32c/6.2.1\libgcc.a(_ashldi3.o)
                              c:/program files/microchip/xc32/v2.50/bin/bin/../../lib/gcc/pic32c/6.2.1\libgcc.a(_udivmoddi4.o) (__aeabi_llsl)
c:/program files/microchip/xc32/v2.50/bin/bin/../../lib/gcc/pic32c/6.2.1\libgcc.a(_clzdi2.o)
                              c:/program files/microchip/xc32/v2.50/bin/bin/../../lib/gcc/pic32c/6.2.1\libgcc.a(_udivmoddi4.o) (__clzdi2)
c:/program files/microchip/xc32/v2.50/bin/bin/../../lib/gcc/pic32c/6.2.1\libgcc.a(_clzsi2.o)
                              c:/program files/microchip/xc32/v2.50/bin/bin/../../lib/gcc/pic32c/6.2.1\libgcc.a(_clzdi2.o) (__clzsi2)
c:/program files/microchip/xc32/v2.50/bin/bin/../../lib/gcc/pic32c/6.2.1/../../../../pic32c/lib\libc_nano.a(lib_a-impure.o)
                              build/default/production/_ext/1171490990/initialization.o (_impure_ptr)
c:/program files/microchip/xc32/v2.50/bin/bin/../../lib/gcc/pic32c/6.2.1/../../../../pic32c/lib\libc_nano.a(lib_a-init.o)
                              build/default/production/_ext/1171490990/startup_xc32.o (__libc_init_array)
c:/program files/microchip/xc32/v2.50/bin/bin/../../lib/gcc/pic32c/6.2.1/../../../../pic32c/lib\libc_nano.a(lib_a-memcpy-stub.o)
                              build/default/production/_ext/1593096446/plib_nvmctrl.o (memcpy)
c:/program files/microchip/xc32/v2.50/bin/bin/../../lib/gcc/pic32c/6.2.1/../../../../pic32c/lib\libc_nano.a(_lib_a-printf.cdnopuxX.o)
                              (_printf_cdnopuxX)
c:/program files/microchip/xc32/v2.50/bin/bin/../../lib/gcc/pic32c/6.2.1/../../../../pic32c/lib\libc_nano.a(lib_a-rand.o)
                              build/default/production/_ext/659850791/canfd.o (rand)
c:/program files/microchip/xc32/v2.50/bin/bin/../../lib/gcc/pic32c/6.2.1/../../../../pic32c/lib\libc_nano.a(lib_a-setbuf.o)
                              build/default/production/_ext/1171490990/initialization.o (setbuf)
c:/program files/microchip/xc32/v2.50/bin/bin/../../lib/gcc/pic32c/6.2.1/../../../../pic32c/lib\libc_nano.a(lib_a-setvbuf.o)
                              c:/program files/microchip/xc32/v2.50/bin/bin/../../lib/gcc/pic32c/6.2.1/../../../../pic32c/lib\libc_nano.a(lib_a-setbuf.o) (setvbuf)
c:/program files/microchip/xc32/v2.50/bin/bin/../../lib/gcc/pic32c/6.2.1/../../../../pic32c/lib\libc_nano.a(lib_a-fflush.o)
                              c:/program files/microchip/xc32/v2.50/bin/bin/../../lib/gcc/pic32c/6.2.1/../../../../pic32c/lib\libc_nano.a(lib_a-setvbuf.o) (_fflush_r)
c:/program files/microchip/xc32/v2.50/bin/bin/../../lib/gcc/pic32c/6.2.1/../../../../pic32c/lib\libc_nano.a(lib_a-findfp.o)
                              c:/program files/microchip/xc32/v2.50/bin/bin/../../lib/gcc/pic32c/6.2.1/../../../../pic32c/lib\libc_nano.a(lib_a-setvbuf.o) (__sinit)
c:/program files/microchip/xc32/v2.50/bin/bin/../../lib/gcc/pic32c/6.2.1/../../../../pic32c/lib\libc_nano.a(lib_a-fwalk.o)
                              c:/program files/microchip/xc32/v2.50/bin/bin/../../lib/gcc/pic32c/6.2.1/../../../../pic32c/lib\libc_nano.a(lib_a-fflush.o) (_fwalk_reent)
c:/program files/microchip/xc32/v2.50/bin/bin/../../lib/gcc/pic32c/6.2.1/../../../../pic32c/lib\libc_nano.a(lib_a-makebuf.o)
[...]
Memory Configuration

Name             Origin             Length             Attributes
rom              0x0000000000000000 0x0000000000020000 xrl
ram              0x0000000020000000 0x0000000000004000 xw !r
config_00804000  0x0000000000804000 0x0000000000000004
config_00804004  0x0000000000804004 0x0000000000000004
*default*        0x0000000000000000 0xffffffffffffffff

Linker script and memory map

LOAD c:/program files/microchip/xc32/v2.50/bin/bin/../../lib/gcc/pic32c/6.2.1/crti.o
LOAD c:/program files/microchip/xc32/v2.50/bin/bin/../../lib/gcc/pic32c/6.2.1/crtbegin.o
LOAD build/default/production/_ext/659850791/canfd.o
LOAD build/default/production/_ext/1984496892/plib_clock.o
LOAD build/default/production/_ext/1986646378/plib_evsys.o
LOAD build/default/production/_ext/1865468468/plib_nvic.o
LOAD build/default/production/_ext/1593096446/plib_nvmctrl.o
LOAD build/default/production/_ext/1865521619/plib_port.o
LOAD build/default/production/_ext/17022449/plib_sercom1_spi_master.o
LOAD build/default/production/_ext/504274921/plib_sercom5_usart.o
LOAD build/default/production/_ext/1827571544/plib_systick.o
LOAD build/default/production/_ext/163028504/xc32_monitor.o
LOAD build/default/production/_ext/1171490990/initialization.o
LOAD build/default/production/_ext/1171490990/interrupts.o
LOAD build/default/production/_ext/1171490990/exceptions.o
LOAD build/default/production/_ext/1171490990/startup_xc32.o
LOAD build/default/production/_ext/1171490990/libc_syscalls.o
LOAD build/default/production/_ext/374323801/drv_canfdspi_api.o
LOAD build/default/production/_ext/1360937237/main.o
                0x0000000000000001                __MPLAB_BUILD = 0x1
                0x0000000000020000                __rom_end = (ORIGIN (rom) + LENGTH (rom))
                0x0000000020004000                __ram_end = (ORIGIN (ram) + LENGTH (ram))

.config_00804000
                0x0000000000804000        0x4
 *(.config_00804000)
 .config_00804000
                0x0000000000804000        0x4 build/default/production/_ext/1171490990/initialization.o

.config_00804004
                0x0000000000804004        0x4
 *(.config_00804004)
 .config_00804004
                0x0000000000804004        0x4 build/default/production/_ext/1171490990/initialization.o

.vectors        0x0000000000000000       0xb8
                0x0000000000000000                . = ALIGN (0x4)
                0x0000000000000000                _sfixed = .
 *(.vectors .vectors.* .vectors_default .vectors_default.*)
 .vectors       0x0000000000000000       0xb8 build/default/production/_ext/1171490990/interrupts.o
                0x0000000000000000                exception_table
 *(.isr_vector)
 *(.reset*)
 *(.after_vectors)

.text           0x00000000000000b8       0x20
                0x00000000000000b8                . = ALIGN (0x4)
 *(.glue_7t)
 .glue_7t       0x00000000000000b8        0x0 linker stubs
 *(.glue_7)
 .glue_7        0x00000000000000b8        0x0 linker stubs
 *(.gnu.linkonce.r.*)
 *(.ARM.extab* .gnu.linkonce.armextab.*)
                0x00000000000000b8                . = ALIGN (0x4)
 *(.init)
 .init          0x00000000000000b8        0x4 c:/program files/microchip/xc32/v2.50/bin/bin/../../lib/gcc/pic32c/6.2.1/crti.o
                0x00000000000000b8                _init
 .init          0x00000000000000bc        0x8 c:/program files/microchip/xc32/v2.50/bin/bin/../../lib/gcc/pic32c/6.2.1/crtn.o
                0x00000000000000c4                . = ALIGN (0x4)
                0x00000000000000c4                __preinit_array_start = .
 *(.preinit_array)
                0x00000000000000c4                __preinit_array_end = .
                0x00000000000000c4                . = ALIGN (0x4)
                0x00000000000000c4                __init_array_start = .
 *(SORT(.init_array.*))
 *(.init_array)
 .init_array    0x00000000000000c4        0x4 c:/program files/microchip/xc32/v2.50/bin/bin/../../lib/gcc/pic32c/6.2.1/crtbegin.o
                0x00000000000000c8                __init_array_end = .
                0x00000000000000c8                . = ALIGN (0x4)
 *crtbegin.o(.ctors)
 *(EXCLUDE_FILE(*crtend.o) .ctors)
 *(SORT(.ctors.*))
 *crtend.o(.ctors)
                0x00000000000000c8                . = ALIGN (0x4)
 *(.fini)
 .fini          0x00000000000000c8        0x4 c:/program files/microchip/xc32/v2.50/bin/bin/../../lib/gcc/pic32c/6.2.1/crti.o
                0x00000000000000c8                _fini
 .fini          0x00000000000000cc        0x8 c:/program files/microchip/xc32/v2.50/bin/bin/../../lib/gcc/pic32c/6.2.1/crtn.o
                0x00000000000000d4                . = ALIGN (0x4)
                0x00000000000000d4                __fini_array_start = .
 *(.fini_array)
 .fini_array    0x00000000000000d4        0x4 c:/program files/microchip/xc32/v2.50/bin/bin/../../lib/gcc/pic32c/6.2.1/crtbegin.o
 *(SORT(.fini_array.*))
                0x00000000000000d8                __fini_array_end = .
 *crtbegin.o(.dtors)
 *(EXCLUDE_FILE(*crtend.o) .dtors)
 *(SORT(.dtors.*))
 *crtend.o(.dtors)
                0x00000000000000d8                . = ALIGN (0x4)
                0x00000000000000d8                _efixed = .
                [!provide]                        PROVIDE (__exidx_start, .)

.ARM.exidx
 *(.ARM.exidx* .gnu.linkonce.armexidx.*)
                [!provide]                        PROVIDE (__exidx_end, .)
                0x00000000000000d8                . = ALIGN (0x4)
                0x00000000000000d8                _etext = .

.bss            0x0000000020000000      0x190
                0x0000000020000000                . = ALIGN (0x4)
                0x0000000020000000                __bss_start__ = .
                0x0000000020000000                _sbss = .
                0x0000000020000000                _szero = .
 *(COMMON)
 COMMON         0x0000000020000000       0xc0 build/default/production/_ext/659850791/canfd.o
                0x0000000020000000                txFlags
                0x0000000020000004                txConfig
                0x0000000020000008                rxObj
                0x0000000020000014                mObj
                0x0000000020000018                errorFlags
                0x000000002000001c                txObj
                0x0000000020000028                rxFlags
                0x000000002000002c                rxConfig
                0x0000000020000030                tec
                0x0000000020000034                fObj
                0x0000000020000038                rec
                0x000000002000003c                txd
                0x000000002000007c                rxd
                0x00000000200000bc                config
 COMMON         0x00000000200000c0        0xc build/default/production/_ext/1827571544/plib_systick.o
                0x00000000200000c0                systick
 COMMON         0x00000000200000cc       0xc0 build/default/production/_ext/374323801/drv_canfdspi_api.o
                0x00000000200000cc                spiTransmitBuffer
                0x000000002000012c                spiReceiveBuffer
 COMMON         0x000000002000018c        0x4 c:/program files/microchip/xc32/v2.50/bin/bin/../../lib/gcc/pic32c/6.2.1/../../../../pic32c/lib\libc_nano.a(lib_a-reent.o)
                0x000000002000018c                errno
                0x0000000020000190                . = ALIGN (0x4)
                0x0000000020000190                __bss_end__ = .
                0x0000000020000190                _ebss = .
                0x0000000020000190                _ezero = .
                0x0000000020000190                . = ALIGN (0x4)
                0x0000000020000190                _end = .
                0x0000000020003fff                _ram_end_ = ((ORIGIN (ram) + LENGTH (ram)) - 0x1)
                0x0000000000000200                _min_heap_size = 0x200
START GROUP
LOAD c:/program files/microchip/xc32/v2.50/bin/bin/../../lib/gcc/pic32c/6.2.1/../../../../pic32c/lib\libpic32c.a
LOAD c:/program files/microchip/xc32/v2.50/bin/bin/../../lib/gcc/pic32c/6.2.1\libgcc.a
LOAD c:/program files/microchip/xc32/v2.50/bin/bin/../../lib/gcc/pic32c/6.2.1/../../../../pic32c/lib\libm_nano.a
LOAD c:/program files/microchip/xc32/v2.50/bin/bin/../../lib/gcc/pic32c/6.2.1/../../../../pic32c/lib\libc_nano.a
END GROUP
LOAD c:/program files/microchip/xc32/v2.50/bin/bin/../../lib/gcc/pic32c/6.2.1/crtend.o
LOAD c:/program files/microchip/xc32/v2.50/bin/bin/../../lib/gcc/pic32c/6.2.1/crtn.o
OUTPUT(dist/default/production/mcp2518fd_demo.X.production.elf elf32-littlearm)
LOAD stack
LOAD data_init

.ARM.attributes
                0x0000000000000000       0x28
 .ARM.attributes
                0x0000000000000000       0x1e c:/program files/microchip/xc32/v2.50/bin/bin/../../lib/gcc/pic32c/6.2.1/crti.o
 .ARM.attributes
                0x000000000000001e       0x2c c:/program files/microchip/xc32/v2.50/bin/bin/../../lib/gcc/pic32c/6.2.1/crtbegin.o
 .ARM.attributes
                0x000000000000004a       0x32 build/default/production/_ext/659850791/canfd.o
 .ARM.attributes
                0x000000000000007c       0x32 build/default/production/_ext/1984496892/plib_clock.o
 .ARM.attributes
                0x00000000000000ae       0x32 build/default/production/_ext/1986646378/plib_evsys.o
 .ARM.attributes
                0x00000000000000e0       0x32 build/default/production/_ext/1865468468/plib_nvic.o
 .ARM.attributes
                0x0000000000000112       0x32 build/default/production/_ext/1593096446/plib_nvmctrl.o
 .ARM.attributes
                0x0000000000000144       0x32 build/default/production/_ext/1865521619/plib_port.o
 .ARM.attributes
                0x0000000000000176       0x32 build/default/production/_ext/17022449/plib_sercom1_spi_master.o
 .ARM.attributes
                0x00000000000001a8       0x32 build/default/production/_ext/504274921/plib_sercom5_usart.o
 .ARM.attributes
                0x00000000000001da       0x32 build/default/production/_ext/1827571544/plib_systick.o
 .ARM.attributes
                0x000000000000020c       0x32 build/default/production/_ext/163028504/xc32_monitor.o
 .ARM.attributes
                0x000000000000023e       0x32 build/default/production/_ext/1171490990/initialization.o
 .ARM.attributes
                0x0000000000000270       0x32 build/default/production/_ext/1171490990/interrupts.o
 .ARM.attributes
                0x00000000000002a2       0x32 build/default/production/_ext/1171490990/exceptions.o
 .ARM.attributes
                0x00000000000002d4       0x32 build/default/production/_ext/1171490990/startup_xc32.o
 .ARM.attributes
                0x0000000000000306       0x32 build/default/production/_ext/374323801/drv_canfdspi_api.o
 .ARM.attributes
                0x0000000000000338       0x32 build/default/production/_ext/1360937237/main.o
 .ARM.attributes
                0x000000000000036a       0x2c c:/program files/microchip/xc32/v2.50/bin/bin/../../lib/gcc/pic32c/6.2.1/../../../../pic32c/lib\libpic32c.a(data_init.o)
 .ARM.attributes
                0x0000000000000396       0x1e c:/program files/microchip/xc32/v2.50/bin/bin/../../lib/gcc/pic32c/6.2.1\libgcc.a(_udivsi3.o)
 .ARM.attributes
                0x00000000000003b4       0x1e c:/program files/microchip/xc32/v2.50/bin/bin/../../lib/gcc/pic32c/6.2.1\libgcc.a(_dvmd_tls.o)
 .ARM.attributes
                0x00000000000003d2       0x2c c:/program files/microchip/xc32/v2.50/bin/bin/../../lib/gcc/pic32c/6.2.1\libgcc.a(_muldi3.o)
 .ARM.attributes
                0x00000000000003fe       0x2c c:/program files/microchip/xc32/v2.50/bin/bin/../../lib/gcc/pic32c/6.2.1/../../../../pic32c/lib\libc_nano.a(lib_a-impure.o)
 .ARM.attributes
                0x000000000000042a       0x2c c:/program files/microchip/xc32/v2.50/bin/bin/../../lib/gcc/pic32c/6.2.1/../../../../pic32c/lib\libc_nano.a(lib_a-init.o)
 .ARM.attributes
                0x0000000000000456       0x2c c:/program files/microchip/xc32/v2.50/bin/bin/../../lib/gcc/pic32c/6.2.1/../../../../pic32c/lib\libc_nano.a(_lib_a-printf.cdnopuxX.o)
 .ARM.attributes
                0x0000000000000482       0x2c c:/program files/microchip/xc32/v2.50/bin/bin/../../lib/gcc/pic32c/6.2.1/../../../../pic32c/lib\libc_nano.a(lib_a-rand.o)
 .ARM.attributes
                0x00000000000004ae       0x2c c:/program files/microchip/xc32/v2.50/bin/bin/../../lib/gcc/pic32c/6.2.1/../../../../pic32c/lib\libc_nano.a(lib_a-setbuf.o)
 .ARM.attributes
                0x00000000000004da       0x2c c:/program files/microchip/xc32/v2.50/bin/bin/../../lib/gcc/pic32c/6.2.1/../../../../pic32c/lib\libc_nano.a(lib_a-setvbuf.o)
 .ARM.attributes
                0x0000000000000506       0x2c c:/program files/microchip/xc32/v2.50/bin/bin/../../lib/gcc/pic32c/6.2.1/../../../../pic32c/lib\libc_nano.a(lib_a-fflush.o)
 .ARM.attributes
                0x0000000000000532       0x2c c:/program files/microchip/xc32/v2.50/bin/bin/../../lib/gcc/pic32c/6.2.1/../../../../pic32c/lib\libc_nano.a(lib_a-findfp.o)
 .ARM.attributes
                0x000000000000055e       0x2c c:/program files/microchip/xc32/v2.50/bin/bin/../../lib/gcc/pic32c/6.2.1/../../../../pic32c/lib\libc_nano.a(lib_a-fwalk.o)
 .ARM.attributes
                0x000000000000058a       0x2c c:/program files/microchip/xc32/v2.50/bin/bin/../../lib/gcc/pic32c/6.2.1/../../../../pic32c/lib\libc_nano.a(lib_a-makebuf.o)
 .ARM.attributes
                0x00000000000005b6       0x2c c:/program files/microchip/xc32/v2.50/bin/bin/../../lib/gcc/pic32c/6.2.1/../../../../pic32c/lib\libc_nano.a(lib_a-malloc.o)
 .ARM.attributes
                0x00000000000005e2       0x2c c:/program files/microchip/xc32/v2.50/bin/bin/../../lib/gcc/pic32c/6.2.1/../../../../pic32c/lib\libc_nano.a(lib_a-memset.o)
 .ARM.attributes
                0x000000000000060e       0x2c c:/program files/microchip/xc32/v2.50/bin/bin/../../lib/gcc/pic32c/6.2.1/../../../../pic32c/lib\libc_nano.a(lib_a-nano-freer.o)
 .ARM.attributes
                0x000000000000063a       0x2c c:/program files/microchip/xc32/v2.50/bin/bin/../../lib/gcc/pic32c/6.2.1/../../../../pic32c/lib\libc_nano.a(lib_a-nano-mallocr.o)
 .ARM.attributes
                0x0000000000000666       0x2c c:/program files/microchip/xc32/v2.50/bin/bin/../../lib/gcc/pic32c/6.2.1/../../../../pic32c/lib\libc_nano.a(_lib_a-nano-vfprintf.cdnopuxX.o)
 .ARM.attributes
                0x0000000000000692       0x2c c:/program files/microchip/xc32/v2.50/bin/bin/../../lib/gcc/pic32c/6.2.1/../../../../pic32c/lib\libc_nano.a(lib_a-nano-vfprintf_i.o)
 .ARM.attributes
                0x00000000000006be       0x2c c:/program files/microchip/xc32/v2.50/bin/bin/../../lib/gcc/pic32c/6.2.1/../../../../pic32c/lib\libc_nano.a(lib_a-sbrkr.o)
 .ARM.attributes
                0x00000000000006ea       0x2c c:/program files/microchip/xc32/v2.50/bin/bin/../../lib/gcc/pic32c/6.2.1/../../../../pic32c/lib\libc_nano.a(lib_a-__ssfputs.o)
 .ARM.attributes
                0x0000000000000716       0x2c c:/program files/microchip/xc32/v2.50/bin/bin/../../lib/gcc/pic32c/6.2.1/../../../../pic32c/lib\libc_nano.a(lib_a-stdio.o)
 .ARM.attributes
                0x0000000000000742       0x2c c:/program files/microchip/xc32/v2.50/bin/bin/../../lib/gcc/pic32c/6.2.1/../../../../pic32c/lib\libc_nano.a(lib_a-wbuf.o)
 .ARM.attributes
                0x000000000000076e       0x2c c:/program files/microchip/xc32/v2.50/bin/bin/../../lib/gcc/pic32c/6.2.1/../../../../pic32c/lib\libc_nano.a(lib_a-writer.o)
 .ARM.attributes
                0x000000000000079a       0x2c c:/program files/microchip/xc32/v2.50/bin/bin/../../lib/gcc/pic32c/6.2.1/../../../../pic32c/lib\libc_nano.a(lib_a-wsetup.o)
 .ARM.attributes
                0x00000000000007c6       0x2c c:/program files/microchip/xc32/v2.50/bin/bin/../../lib/gcc/pic32c/6.2.1/../../../../pic32c/lib\libc_nano.a(lib_a-closer.o)
 .ARM.attributes
                0x00000000000007f2       0x2c c:/program files/microchip/xc32/v2.50/bin/bin/../../lib/gcc/pic32c/6.2.1/../../../../pic32c/lib\libc_nano.a(lib_a-fputwc.o)
 .ARM.attributes
                0x000000000000081e       0x2c c:/program files/microchip/xc32/v2.50/bin/bin/../../lib/gcc/pic32c/6.2.1/../../../../pic32c/lib\libc_nano.a(lib_a-fstatr.o)
 .ARM.attributes
                0x000000000000084a       0x2c c:/program files/microchip/xc32/v2.50/bin/bin/../../lib/gcc/pic32c/6.2.1/../../../../pic32c/lib\libc_nano.a(lib_a-isattyr.o)
 .ARM.attributes
                0x0000000000000876       0x2c c:/program files/microchip/xc32/v2.50/bin/bin/../../lib/gcc/pic32c/6.2.1/../../../../pic32c/lib\libc_nano.a(lib_a-locale.o)
 .ARM.attributes
                0x00000000000008a2       0x2c c:/program files/microchip/xc32/v2.50/bin/bin/../../lib/gcc/pic32c/6.2.1/../../../../pic32c/lib\libc_nano.a(lib_a-lseekr.o)
 .ARM.attributes
                0x00000000000008ce       0x2c c:/program files/microchip/xc32/v2.50/bin/bin/../../lib/gcc/pic32c/6.2.1/../../../../pic32c/lib\libc_nano.a(lib_a-mbtowc_r.o)
 .ARM.attributes
                0x00000000000008fa       0x2c c:/program files/microchip/xc32/v2.50/bin/bin/../../lib/gcc/pic32c/6.2.1/../../../../pic32c/lib\libc_nano.a(lib_a-memchr-stub.o)
 .ARM.attributes
                0x0000000000000926       0x2c c:/program files/microchip/xc32/v2.50/bin/bin/../../lib/gcc/pic32c/6.2.1/../../../../pic32c/lib\libc_nano.a(lib_a-mlock.o)
 .ARM.attributes
                0x0000000000000952       0x2c c:/program files/microchip/xc32/v2.50/bin/bin/../../lib/gcc/pic32c/6.2.1/../../../../pic32c/lib\libc_nano.a(lib_a-readr.o)
 .ARM.attributes
                0x000000000000097e       0x2c c:/program files/microchip/xc32/v2.50/bin/bin/../../lib/gcc/pic32c/6.2.1/../../../../pic32c/lib\libc_nano.a(lib_a-reent.o)
 .ARM.attributes
                0x00000000000009aa       0x2c c:/program files/microchip/xc32/v2.50/bin/bin/../../lib/gcc/pic32c/6.2.1/../../../../pic32c/lib\libc_nano.a(lib_a-wcrtomb.o)
 .ARM.attributes
                0x00000000000009d6       0x2c c:/program files/microchip/xc32/v2.50/bin/bin/../../lib/gcc/pic32c/6.2.1/../../../../pic32c/lib\libc_nano.a(lib_a-wctomb_r.o)
 .ARM.attributes
                0x0000000000000a02       0x2c c:/program files/microchip/xc32/v2.50/bin/bin/../../lib/gcc/pic32c/6.2.1/../../../../pic32c/lib\libc_nano.a(lib_a-ctype_.o)
 .ARM.attributes
                0x0000000000000a2e       0x2c c:/program files/microchip/xc32/v2.50/bin/bin/../../lib/gcc/pic32c/6.2.1/../../../../pic32c/lib\libpic32c.a(_close.o)
 .ARM.attributes
                0x0000000000000a5a       0x2c c:/program files/microchip/xc32/v2.50/bin/bin/../../lib/gcc/pic32c/6.2.1/../../../../pic32c/lib\libpic32c.a(_fstat.o)
 .ARM.attributes
                0x0000000000000a86       0x2c c:/program files/microchip/xc32/v2.50/bin/bin/../../lib/gcc/pic32c/6.2.1/../../../../pic32c/lib\libpic32c.a(_isatty.o)
 .ARM.attributes
                0x0000000000000ab2       0x2c c:/program files/microchip/xc32/v2.50/bin/bin/../../lib/gcc/pic32c/6.2.1/../../../../pic32c/lib\libpic32c.a(_lseek.o)
 .ARM.attributes
                0x0000000000000ade       0x2c c:/program files/microchip/xc32/v2.50/bin/bin/../../lib/gcc/pic32c/6.2.1/../../../../pic32c/lib\libpic32c.a(_read.o)
 .ARM.attributes
                0x0000000000000b0a       0x2c c:/program files/microchip/xc32/v2.50/bin/bin/../../lib/gcc/pic32c/6.2.1/../../../../pic32c/lib\libpic32c.a(sbrk.o)
 .ARM.attributes
                0x0000000000000b36       0x2c c:/program files/microchip/xc32/v2.50/bin/bin/../../lib/gcc/pic32c/6.2.1/../../../../pic32c/lib\libpic32c.a(_write.o)
 .ARM.attributes
                0x0000000000000b62       0x2c c:/program files/microchip/xc32/v2.50/bin/bin/../../lib/gcc/pic32c/6.2.1/../../../../pic32c/lib\libpic32c.a(close.o)
 .ARM.attributes
                0x0000000000000b8e       0x2c c:/program files/microchip/xc32/v2.50/bin/bin/../../lib/gcc/pic32c/6.2.1/../../../../pic32c/lib\libpic32c.a(fstat.o)
 .ARM.attributes
                0x0000000000000bba       0x2c c:/program files/microchip/xc32/v2.50/bin/bin/../../lib/gcc/pic32c/6.2.1/../../../../pic32c/lib\libpic32c.a(isatty.o)
 .ARM.attributes
                0x0000000000000be6       0x2c c:/program files/microchip/xc32/v2.50/bin/bin/../../lib/gcc/pic32c/6.2.1/../../../../pic32c/lib\libpic32c.a(lseek.o)
 .ARM.attributes
                0x0000000000000c12       0x2c c:/program files/microchip/xc32/v2.50/bin/bin/../../lib/gcc/pic32c/6.2.1/../../../../pic32c/lib\libpic32c.a(read.o)
 .ARM.attributes
                0x0000000000000c3e       0x2c c:/program files/microchip/xc32/v2.50/bin/bin/../../lib/gcc/pic32c/6.2.1/../../../../pic32c/lib\libpic32c.a(write.o)
 .ARM.attributes
                0x0000000000000c6a       0x1e c:/program files/microchip/xc32/v2.50/bin/bin/../../lib/gcc/pic32c/6.2.1/crtn.o

.comment        0x0000000000000000       0x7c
 .comment       0x0000000000000000       0x3c c:/program files/microchip/xc32/v2.50/bin/bin/../../lib/gcc/pic32c/6.2.1/crtbegin.o
                                         0x3d (size before relaxing)
 .comment       0x000000000000003c       0x3d build/default/production/_ext/659850791/canfd.o
 .comment       0x000000000000003c       0x3d build/default/production/_ext/1984496892/plib_clock.o
 .comment       0x000000000000003c       0x3d build/default/production/_ext/1986646378/plib_evsys.o
 .comment       0x000000000000003c       0x3d build/default/production/_ext/1865468468/plib_nvic.o
 .comment       0x000000000000003c       0x3d build/default/production/_ext/1593096446/plib_nvmctrl.o
 .comment       0x000000000000003c       0x3d build/default/production/_ext/1865521619/plib_port.o
 .comment       0x000000000000003c       0x3d build/default/production/_ext/17022449/plib_sercom1_spi_master.o
 .comment       0x000000000000003c       0x3d build/default/production/_ext/504274921/plib_sercom5_usart.o
 .comment       0x000000000000003c       0x3d build/default/production/_ext/1827571544/plib_systick.o
 .comment       0x000000000000003c       0x3d build/default/production/_ext/163028504/xc32_monitor.o
 .comment       0x000000000000003c       0x3d build/default/production/_ext/1171490990/initialization.o
 .comment       0x000000000000003c       0x3d build/default/production/_ext/1171490990/interrupts.o
 .comment       0x000000000000003c       0x3d build/default/production/_ext/1171490990/exceptions.o
 .comment       0x000000000000003c       0x3d build/default/production/_ext/1171490990/startup_xc32.o
 .comment       0x000000000000003c       0x3d build/default/production/_ext/374323801/drv_canfdspi_api.o
 .comment       0x000000000000003c       0x3d build/default/production/_ext/1360937237/main.o
 .comment       0x000000000000003c       0x3d c:/program files/microchip/xc32/v2.50/bin/bin/../../lib/gcc/pic32c/6.2.1/../../../../pic32c/lib\libpic32c.a(data_init.o)
 .comment       0x000000000000003c       0x3d c:/program files/microchip/xc32/v2.50/bin/bin/../../lib/gcc/pic32c/6.2.1\libgcc.a(_muldi3.o)
 .comment       0x000000000000003c       0x3d c:/program files/microchip/xc32/v2.50/bin/bin/../../lib/gcc/pic32c/6.2.1/../../../../pic32c/lib\libc_nano.a(lib_a-impure.o)
 .comment       0x000000000000003c       0x3d c:/program files/microchip/xc32/v2.50/bin/bin/../../lib/gcc/pic32c/6.2.1/../../../../pic32c/lib\libc_nano.a(lib_a-init.o)
 .comment       0x000000000000003c       0x40 c:/program files/microchip/xc32/v2.50/bin/bin/../../lib/gcc/pic32c/6.2.1/../../../../pic32c/lib\libc_nano.a(_lib_a-printf.cdnopuxX.o)
                                         0x41 (size before relaxing)
 .comment       0x000000000000007c       0x3d c:/program files/microchip/xc32/v2.50/bin/bin/../../lib/gcc/pic32c/6.2.1/../../../../pic32c/lib\libc_nano.a(lib_a-rand.o)
 .comment       0x000000000000007c       0x3d c:/program files/microchip/xc32/v2.50/bin/bin/../../lib/gcc/pic32c/6.2.1/../../../../pic32c/lib\libc_nano.a(lib_a-setbuf.o)
 .comment       0x000000000000007c       0x3d c:/program files/microchip/xc32/v2.50/bin/bin/../../lib/gcc/pic32c/6.2.1/../../../../pic32c/lib\libc_nano.a(lib_a-setvbuf.o)
 .comment       0x000000000000007c       0x3d c:/program files/microchip/xc32/v2.50/bin/bin/../../lib/gcc/pic32c/6.2.1/../../../../pic32c/lib\libc_nano.a(lib_a-fflush.o)
 .comment       0x000000000000007c       0x3d c:/program files/microchip/xc32/v2.50/bin/bin/../../lib/gcc/pic32c/6.2.1/../../../../pic32c/lib\libc_nano.a(lib_a-findfp.o)
 .comment       0x000000000000007c       0x3d c:/program files/microchip/xc32/v2.50/bin/bin/../../lib/gcc/pic32c/6.2.1/../../../../pic32c/lib\libc_nano.a(lib_a-fwalk.o)
 .comment       0x000000000000007c       0x3d c:/program files/microchip/xc32/v2.50/bin/bin/../../lib/gcc/pic32c/6.2.1/../../../../pic32c/lib\libc_nano.a(lib_a-makebuf.o)
 .comment       0x000000000000007c       0x3d c:/program files/microchip/xc32/v2.50/bin/bin/../../lib/gcc/pic32c/6.2.1/../../../../pic32c/lib\libc_nano.a(lib_a-malloc.o)
 .comment       0x000000000000007c       0x3d c:/program files/microchip/xc32/v2.50/bin/bin/../../lib/gcc/pic32c/6.2.1/../../../../pic32c/lib\libc_nano.a(lib_a-memset.o)
 .comment       0x000000000000007c       0x3d c:/program files/microchip/xc32/v2.50/bin/bin/../../lib/gcc/pic32c/6.2.1/../../../../pic32c/lib\libc_nano.a(lib_a-nano-freer.o)
 .comment       0x000000000000007c       0x3d c:/program files/microchip/xc32/v2.50/bin/bin/../../lib/gcc/pic32c/6.2.1/../../../../pic32c/lib\libc_nano.a(lib_a-nano-mallocr.o)
 .comment       0x000000000000007c       0x41 c:/program files/microchip/xc32/v2.50/bin/bin/../../lib/gcc/pic32c/6.2.1/../../../../pic32c/lib\libc_nano.a(_lib_a-nano-vfprintf.cdnopuxX.o)
 .comment       0x000000000000007c       0x3d c:/program files/microchip/xc32/v2.50/bin/bin/../../lib/gcc/pic32c/6.2.1/../../../../pic32c/lib\libc_nano.a(lib_a-nano-vfprintf_i.o)
 .comment       0x000000000000007c       0x3d c:/program files/microchip/xc32/v2.50/bin/bin/../../lib/gcc/pic32c/6.2.1/../../../../pic32c/lib\libc_nano.a(lib_a-sbrkr.o)
 .comment       0x000000000000007c       0x3d c:/program files/microchip/xc32/v2.50/bin/bin/../../lib/gcc/pic32c/6.2.1/../../../../pic32c/lib\libc_nano.a(lib_a-__ssfputs.o)
 .comment       0x000000000000007c       0x3d c:/program files/microchip/xc32/v2.50/bin/bin/../../lib/gcc/pic32c/6.2.1/../../../../pic32c/lib\libc_nano.a(lib_a-stdio.o)
 .comment       0x000000000000007c       0x3d c:/program files/microchip/xc32/v2.50/bin/bin/../../lib/gcc/pic32c/6.2.1/../../../../pic32c/lib\libc_nano.a(lib_a-wbuf.o)
 .comment       0x000000000000007c       0x3d c:/program files/microchip/xc32/v2.50/bin/bin/../../lib/gcc/pic32c/6.2.1/../../../../pic32c/lib\libc_nano.a(lib_a-writer.o)
 .comment       0x000000000000007c       0x3d c:/program files/microchip/xc32/v2.50/bin/bin/../../lib/gcc/pic32c/6.2.1/../../../../pic32c/lib\libc_nano.a(lib_a-wsetup.o)
 .comment       0x000000000000007c       0x3d c:/program files/microchip/xc32/v2.50/bin/bin/../../lib/gcc/pic32c/6.2.1/../../../../pic32c/lib\libc_nano.a(lib_a-closer.o)
 .comment       0x000000000000007c       0x3d c:/program files/microchip/xc32/v2.50/bin/bin/../../lib/gcc/pic32c/6.2.1/../../../../pic32c/lib\libc_nano.a(lib_a-fputwc.o)
 .comment       0x000000000000007c       0x3d c:/program files/microchip/xc32/v2.50/bin/bin/../../lib/gcc/pic32c/6.2.1/../../../../pic32c/lib\libc_nano.a(lib_a-fstatr.o)
 .comment       0x000000000000007c       0x3d c:/program files/microchip/xc32/v2.50/bin/bin/../../lib/gcc/pic32c/6.2.1/../../../../pic32c/lib\libc_nano.a(lib_a-isattyr.o)
 .comment       0x000000000000007c       0x3d c:/program files/microchip/xc32/v2.50/bin/bin/../../lib/gcc/pic32c/6.2.1/../../../../pic32c/lib\libc_nano.a(lib_a-locale.o)
 .comment       0x000000000000007c       0x3d c:/program files/microchip/xc32/v2.50/bin/bin/../../lib/gcc/pic32c/6.2.1/../../../../pic32c/lib\libc_nano.a(lib_a-lseekr.o)
 .comment       0x000000000000007c       0x3d c:/program files/microchip/xc32/v2.50/bin/bin/../../lib/gcc/pic32c/6.2.1/../../../../pic32c/lib\libc_nano.a(lib_a-mbtowc_r.o)
 .comment       0x000000000000007c       0x3d c:/program files/microchip/xc32/v2.50/bin/bin/../../lib/gcc/pic32c/6.2.1/../../../../pic32c/lib\libc_nano.a(lib_a-memchr-stub.o)
 .comment       0x000000000000007c       0x3d c:/program files/microchip/xc32/v2.50/bin/bin/../../lib/gcc/pic32c/6.2.1/../../../../pic32c/lib\libc_nano.a(lib_a-mlock.o)
 .comment       0x000000000000007c       0x3d c:/program files/microchip/xc32/v2.50/bin/bin/../../lib/gcc/pic32c/6.2.1/../../../../pic32c/lib\libc_nano.a(lib_a-readr.o)
 .comment       0x000000000000007c       0x3d c:/program files/microchip/xc32/v2.50/bin/bin/../../lib/gcc/pic32c/6.2.1/../../../../pic32c/lib\libc_nano.a(lib_a-reent.o)
 .comment       0x000000000000007c       0x3d c:/program files/microchip/xc32/v2.50/bin/bin/../../lib/gcc/pic32c/6.2.1/../../../../pic32c/lib\libc_nano.a(lib_a-wcrtomb.o)
 .comment       0x000000000000007c       0x3d c:/program files/microchip/xc32/v2.50/bin/bin/../../lib/gcc/pic32c/6.2.1/../../../../pic32c/lib\libc_nano.a(lib_a-wctomb_r.o)
 .comment       0x000000000000007c       0x3d c:/program files/microchip/xc32/v2.50/bin/bin/../../lib/gcc/pic32c/6.2.1/../../../../pic32c/lib\libc_nano.a(lib_a-ctype_.o)
 .comment       0x000000000000007c       0x3d c:/program files/microchip/xc32/v2.50/bin/bin/../../lib/gcc/pic32c/6.2.1/../../../../pic32c/lib\libpic32c.a(_close.o)
 .comment       0x000000000000007c       0x3d c:/program files/microchip/xc32/v2.50/bin/bin/../../lib/gcc/pic32c/6.2.1/../../../../pic32c/lib\libpic32c.a(_fstat.o)
 .comment       0x000000000000007c       0x3d c:/program files/microchip/xc32/v2.50/bin/bin/../../lib/gcc/pic32c/6.2.1/../../../../pic32c/lib\libpic32c.a(_isatty.o)
 .comment       0x000000000000007c       0x3d c:/program files/microchip/xc32/v2.50/bin/bin/../../lib/gcc/pic32c/6.2.1/../../../../pic32c/lib\libpic32c.a(_lseek.o)
 .comment       0x000000000000007c       0x3d c:/program files/microchip/xc32/v2.50/bin/bin/../../lib/gcc/pic32c/6.2.1/../../../../pic32c/lib\libpic32c.a(_read.o)
 .comment       0x000000000000007c       0x3d c:/program files/microchip/xc32/v2.50/bin/bin/../../lib/gcc/pic32c/6.2.1/../../../../pic32c/lib\libpic32c.a(sbrk.o)
 .comment       0x000000000000007c       0x3d c:/program files/microchip/xc32/v2.50/bin/bin/../../lib/gcc/pic32c/6.2.1/../../../../pic32c/lib\libpic32c.a(_write.o)
 .comment       0x000000000000007c       0x3d c:/program files/microchip/xc32/v2.50/bin/bin/../../lib/gcc/pic32c/6.2.1/../../../../pic32c/lib\libpic32c.a(close.o)
 .comment       0x000000000000007c       0x3d c:/program files/microchip/xc32/v2.50/bin/bin/../../lib/gcc/pic32c/6.2.1/../../../../pic32c/lib\libpic32c.a(fstat.o)
 .comment       0x000000000000007c       0x3d c:/program files/microchip/xc32/v2.50/bin/bin/../../lib/gcc/pic32c/6.2.1/../../../../pic32c/lib\libpic32c.a(isatty.o)
 .comment       0x000000000000007c       0x3d c:/program files/microchip/xc32/v2.50/bin/bin/../../lib/gcc/pic32c/6.2.1/../../../../pic32c/lib\libpic32c.a(lseek.o)
 .comment       0x000000000000007c       0x3d c:/program files/microchip/xc32/v2.50/bin/bin/../../lib/gcc/pic32c/6.2.1/../../../../pic32c/lib\libpic32c.a(read.o)
 .comment       0x000000000000007c       0x3d c:/program files/microchip/xc32/v2.50/bin/bin/../../lib/gcc/pic32c/6.2.1/../../../../pic32c/lib\libpic32c.a(write.o)

.debug_info     0x0000000000000000    0x441b0
 .debug_info    0x0000000000000000     0x2bc5 build/default/production/_ext/659850791/canfd.o
 .debug_info    0x0000000000002bc5      0xa3d build/default/production/_ext/1984496892/plib_clock.o
 .debug_info    0x0000000000003602      0x330 build/default/production/_ext/1986646378/plib_evsys.o
 .debug_info    0x0000000000003932      0x36e build/default/production/_ext/1865468468/plib_nvic.o
 .debug_info    0x0000000000003ca0     0x1458 build/default/production/_ext/1593096446/plib_nvmctrl.o
 .debug_info    0x00000000000050f8      0x7e4 build/default/production/_ext/1865521619/plib_port.o
 .debug_info    0x00000000000058dc     0x111b build/default/production/_ext/17022449/plib_sercom1_spi_master.o
 .debug_info    0x00000000000069f7     0x1445 build/default/production/_ext/504274921/plib_sercom5_usart.o
 .debug_info    0x0000000000007e3c      0x681 build/default/production/_ext/1827571544/plib_systick.o
 .debug_info    0x00000000000084bd      0xf15 build/default/production/_ext/163028504/xc32_monitor.o
 .debug_info    0x00000000000093d2     0x1190 build/default/production/_ext/1171490990/initialization.o
 .debug_info    0x000000000000a562     0x1375 build/default/production/_ext/1171490990/interrupts.o
 .debug_info    0x000000000000b8d7      0xe6e build/default/production/_ext/1171490990/exceptions.o
 .debug_info    0x000000000000c745      0xffc build/default/production/_ext/1171490990/startup_xc32.o
 .debug_info    0x000000000000d741     0xa836 build/default/production/_ext/374323801/drv_canfdspi_api.o
 .debug_info    0x0000000000017f77     0x105d build/default/production/_ext/1360937237/main.o
 .debug_info    0x0000000000018fd4      0x1f0 c:/program files/microchip/xc32/v2.50/bin/bin/../../lib/gcc/pic32c/6.2.1/../../../../pic32c/lib\libpic32c.a(data_init.o)
 .debug_info    0x00000000000191c4       0xee c:/program files/microchip/xc32/v2.50/bin/bin/../../lib/gcc/pic32c/6.2.1\libgcc.a(_udivsi3.o)
 .debug_info    0x00000000000192b2       0xee c:/program files/microchip/xc32/v2.50/bin/bin/../../lib/gcc/pic32c/6.2.1\libgcc.a(_dvmd_tls.o)
 .debug_info    0x00000000000193a0     0x13d1 c:/program files/microchip/xc32/v2.50/bin/bin/../../lib/gcc/pic32c/6.2.1\libgcc.a(_muldi3.o)
 .debug_info    0x000000000001a771      0xd4d c:/program files/microchip/xc32/v2.50/bin/bin/../../lib/gcc/pic32c/6.2.1/../../../../pic32c/lib\libc_nano.a(lib_a-impure.o)
 .debug_info    0x000000000001b4be      0x36a c:/program files/microchip/xc32/v2.50/bin/bin/../../lib/gcc/pic32c/6.2.1/../../../../pic32c/lib\libc_nano.a(lib_a-init.o)
 .debug_info    0x000000000001b828      0xe02 c:/program files/microchip/xc32/v2.50/bin/bin/../../lib/gcc/pic32c/6.2.1/../../../../pic32c/lib\libc_nano.a(_lib_a-printf.cdnopuxX.o)
 .debug_info    0x000000000001c62a      0xe3c c:/program files/microchip/xc32/v2.50/bin/bin/../../lib/gcc/pic32c/6.2.1/../../../../pic32c/lib\libc_nano.a(lib_a-rand.o)
 .debug_info    0x000000000001d466     0x10a0 c:/program files/microchip/xc32/v2.50/bin/bin/../../lib/gcc/pic32c/6.2.1/../../../../pic32c/lib\libc_nano.a(lib_a-setbuf.o)
 .debug_info    0x000000000001e506     0x1212 c:/program files/microchip/xc32/v2.50/bin/bin/../../lib/gcc/pic32c/6.2.1/../../../../pic32c/lib\libc_nano.a(lib_a-setvbuf.o)
 .debug_info    0x000000000001f718     0x12a9 c:/program files/microchip/xc32/v2.50/bin/bin/../../lib/gcc/pic32c/6.2.1/../../../../pic32c/lib\libc_nano.a(lib_a-fflush.o)
 .debug_info    0x00000000000209c1     0x1481 c:/program files/microchip/xc32/v2.50/bin/bin/../../lib/gcc/pic32c/6.2.1/../../../../pic32c/lib\libc_nano.a(lib_a-findfp.o)
 .debug_info    0x0000000000021e42     0x11ba c:/program files/microchip/xc32/v2.50/bin/bin/../../lib/gcc/pic32c/6.2.1/../../../../pic32c/lib\libc_nano.a(lib_a-fwalk.o)
 .debug_info    0x0000000000022ffc     0x14f6 c:/program files/microchip/xc32/v2.50/bin/bin/../../lib/gcc/pic32c/6.2.1/../../../../pic32c/lib\libc_nano.a(lib_a-makebuf.o)
 .debug_info    0x00000000000244f2      0xdf0 c:/program files/microchip/xc32/v2.50/bin/bin/../../lib/gcc/pic32c/6.2.1/../../../../pic32c/lib\libc_nano.a(lib_a-malloc.o)
 .debug_info    0x00000000000252e2     0x14f9 c:/program files/microchip/xc32/v2.50/bin/bin/../../lib/gcc/pic32c/6.2.1/../../../../pic32c/lib\libc_nano.a(lib_a-memset.o)
 .debug_info    0x00000000000267db     0x10fe c:/program files/microchip/xc32/v2.50/bin/bin/../../lib/gcc/pic32c/6.2.1/../../../../pic32c/lib\libc_nano.a(lib_a-nano-freer.o)
 .debug_info    0x00000000000278d9     0x11ab c:/program files/microchip/xc32/v2.50/bin/bin/../../lib/gcc/pic32c/6.2.1/../../../../pic32c/lib\libc_nano.a(lib_a-nano-mallocr.o)
 .debug_info    0x0000000000028a84     0x1ea7 c:/program files/microchip/xc32/v2.50/bin/bin/../../lib/gcc/pic32c/6.2.1/../../../../pic32c/lib\libc_nano.a(_lib_a-nano-vfprintf.cdnopuxX.o)
 .debug_info    0x000000000002a92b     0x1d26 c:/program files/microchip/xc32/v2.50/bin/bin/../../lib/gcc/pic32c/6.2.1/../../../../pic32c/lib\libc_nano.a(lib_a-nano-vfprintf_i.o)
 .debug_info    0x000000000002c651      0xe3d c:/program files/microchip/xc32/v2.50/bin/bin/../../lib/gcc/pic32c/6.2.1/../../../../pic32c/lib\libc_nano.a(lib_a-sbrkr.o)
 .debug_info    0x000000000002d48e     0x189e c:/program files/microchip/xc32/v2.50/bin/bin/../../lib/gcc/pic32c/6.2.1/../../../../pic32c/lib\libc_nano.a(lib_a-__ssfputs.o)
 .debug_info    0x000000000002ed2c     0x136b c:/program files/microchip/xc32/v2.50/bin/bin/../../lib/gcc/pic32c/6.2.1/../../../../pic32c/lib\libc_nano.a(lib_a-stdio.o)
 .debug_info    0x0000000000030097     0x11c4 c:/program files/microchip/xc32/v2.50/bin/bin/../../lib/gcc/pic32c/6.2.1/../../../../pic32c/lib\libc_nano.a(lib_a-wbuf.o)
 .debug_info    0x000000000003125b      0xe5c c:/program files/microchip/xc32/v2.50/bin/bin/../../lib/gcc/pic32c/6.2.1/../../../../pic32c/lib\libc_nano.a(lib_a-writer.o)
 .debug_info    0x00000000000320b7     0x113f c:/program files/microchip/xc32/v2.50/bin/bin/../../lib/gcc/pic32c/6.2.1/../../../../pic32c/lib\libc_nano.a(lib_a-wsetup.o)
 .debug_info    0x00000000000331f6      0xe0b c:/program files/microchip/xc32/v2.50/bin/bin/../../lib/gcc/pic32c/6.2.1/../../../../pic32c/lib\libc_nano.a(lib_a-closer.o)
 .debug_info    0x0000000000034001     0x12fb c:/program files/microchip/xc32/v2.50/bin/bin/../../lib/gcc/pic32c/6.2.1/../../../../pic32c/lib\libc_nano.a(lib_a-fputwc.o)
 .debug_info    0x00000000000352fc     0x1106 c:/program files/microchip/xc32/v2.50/bin/bin/../../lib/gcc/pic32c/6.2.1/../../../../pic32c/lib\libc_nano.a(lib_a-fstatr.o)
 .debug_info    0x0000000000036402      0xe18 c:/program files/microchip/xc32/v2.50/bin/bin/../../lib/gcc/pic32c/6.2.1/../../../../pic32c/lib\libc_nano.a(lib_a-isattyr.o)
 .debug_info    0x000000000003721a     0x17e0 c:/program files/microchip/xc32/v2.50/bin/bin/../../lib/gcc/pic32c/6.2.1/../../../../pic32c/lib\libc_nano.a(lib_a-locale.o)
 .debug_info    0x00000000000389fa      0xe43 c:/program files/microchip/xc32/v2.50/bin/bin/../../lib/gcc/pic32c/6.2.1/../../../../pic32c/lib\libc_nano.a(lib_a-lseekr.o)
 .debug_info    0x000000000003983d     0x16b9 c:/program files/microchip/xc32/v2.50/bin/bin/../../lib/gcc/pic32c/6.2.1/../../../../pic32c/lib\libc_nano.a(lib_a-mbtowc_r.o)
 .debug_info    0x000000000003aef6      0xdc3 c:/program files/microchip/xc32/v2.50/bin/bin/../../lib/gcc/pic32c/6.2.1/../../../../pic32c/lib\libc_nano.a(lib_a-memchr-stub.o)
 .debug_info    0x000000000003bcb9      0xd8a c:/program files/microchip/xc32/v2.50/bin/bin/../../lib/gcc/pic32c/6.2.1/../../../../pic32c/lib\libc_nano.a(lib_a-mlock.o)
 .debug_info    0x000000000003ca43      0xe5a c:/program files/microchip/xc32/v2.50/bin/bin/../../lib/gcc/pic32c/6.2.1/../../../../pic32c/lib\libc_nano.a(lib_a-readr.o)
 .debug_info    0x000000000003d89d      0xf40 c:/program files/microchip/xc32/v2.50/bin/bin/../../lib/gcc/pic32c/6.2.1/../../../../pic32c/lib\libc_nano.a(lib_a-reent.o)
 .debug_info    0x000000000003e7dd     0x16b5 c:/program files/microchip/xc32/v2.50/bin/bin/../../lib/gcc/pic32c/6.2.1/../../../../pic32c/lib\libc_nano.a(lib_a-wcrtomb.o)
 .debug_info    0x000000000003fe92     0x167d c:/program files/microchip/xc32/v2.50/bin/bin/../../lib/gcc/pic32c/6.2.1/../../../../pic32c/lib\libc_nano.a(lib_a-wctomb_r.o)
 .debug_info    0x000000000004150f     0x14ca c:/program files/microchip/xc32/v2.50/bin/bin/../../lib/gcc/pic32c/6.2.1/../../../../pic32c/lib\libc_nano.a(lib_a-ctype_.o)
 .debug_info    0x00000000000429d9      0x1d7 c:/program files/microchip/xc32/v2.50/bin/bin/../../lib/gcc/pic32c/6.2.1/../../../../pic32c/lib\libpic32c.a(_close.o)
 .debug_info    0x0000000000042bb0      0x1d7 c:/program files/microchip/xc32/v2.50/bin/bin/../../lib/gcc/pic32c/6.2.1/../../../../pic32c/lib\libpic32c.a(_fstat.o)
 .debug_info    0x0000000000042d87      0x1d9 c:/program files/microchip/xc32/v2.50/bin/bin/../../lib/gcc/pic32c/6.2.1/../../../../pic32c/lib\libpic32c.a(_isatty.o)
 .debug_info    0x0000000000042f60      0x1d7 c:/program files/microchip/xc32/v2.50/bin/bin/../../lib/gcc/pic32c/6.2.1/../../../../pic32c/lib\libpic32c.a(_lseek.o)
 .debug_info    0x0000000000043137      0x1d5 c:/program files/microchip/xc32/v2.50/bin/bin/../../lib/gcc/pic32c/6.2.1/../../../../pic32c/lib\libpic32c.a(_read.o)
 .debug_info    0x000000000004330c      0x1d3 c:/program files/microchip/xc32/v2.50/bin/bin/../../lib/gcc/pic32c/6.2.1/../../../../pic32c/lib\libpic32c.a(sbrk.o)
 .debug_info    0x00000000000434df      0x1d7 c:/program files/microchip/xc32/v2.50/bin/bin/../../lib/gcc/pic32c/6.2.1/../../../../pic32c/lib\libpic32c.a(_write.o)
 .debug_info    0x00000000000436b6      0x1d4 c:/program files/microchip/xc32/v2.50/bin/bin/../../lib/gcc/pic32c/6.2.1/../../../../pic32c/lib\libpic32c.a(close.o)
 .debug_info    0x000000000004388a      0x1d4 c:/program files/microchip/xc32/v2.50/bin/bin/../../lib/gcc/pic32c/6.2.1/../../../../pic32c/lib\libpic32c.a(fstat.o)
 .debug_info    0x0000000000043a5e      0x1d6 c:/program files/microchip/xc32/v2.50/bin/bin/../../lib/gcc/pic32c/6.2.1/../../../../pic32c/lib\libpic32c.a(isatty.o)
 .debug_info    0x0000000000043c34      0x1d4 c:/program files/microchip/xc32/v2.50/bin/bin/../../lib/gcc/pic32c/6.2.1/../../../../pic32c/lib\libpic32c.a(lseek.o)
 .debug_info    0x0000000000043e08      0x1d3 c:/program files/microchip/xc32/v2.50/bin/bin/../../lib/gcc/pic32c/6.2.1/../../../../pic32c/lib\libpic32c.a(read.o)
 .debug_info    0x0000000000043fdb      0x1d5 c:/program files/microchip/xc32/v2.50/bin/bin/../../lib/gcc/pic32c/6.2.1/../../../../pic32c/lib\libpic32c.a(write.o)

.debug_abbrev   0x0000000000000000     0x63aa
 .debug_abbrev  0x0000000000000000      0x2f2 build/default/production/_ext/659850791/canfd.o
 .debug_abbrev  0x00000000000002f2      0x119 build/default/production/_ext/1984496892/plib_clock.o
 .debug_abbrev  0x000000000000040b       0x39 build/default/production/_ext/1986646378/plib_evsys.o
 .debug_abbrev  0x0000000000000444       0x68 build/default/production/_ext/1865468468/plib_nvic.o
 .debug_abbrev  0x00000000000004ac      0x279 build/default/production/_ext/1593096446/plib_nvmctrl.o
 .debug_abbrev  0x0000000000000725      0x14f build/default/production/_ext/1865521619/plib_port.o
 .debug_abbrev  0x0000000000000874      0x1d9 build/default/production/_ext/17022449/plib_sercom1_spi_master.o
 .debug_abbrev  0x0000000000000a4d      0x29e build/default/production/_ext/504274921/plib_sercom5_usart.o
 .debug_abbrev  0x0000000000000ceb      0x174 build/default/production/_ext/1827571544/plib_systick.o
 .debug_abbrev  0x0000000000000e5f      0x1f9 build/default/production/_ext/163028504/xc32_monitor.o
 .debug_abbrev  0x0000000000001058      0x21b build/default/production/_ext/1171490990/initialization.o
 .debug_abbrev  0x0000000000001273      0x1a3 build/default/production/_ext/1171490990/interrupts.o
 .debug_abbrev  0x0000000000001416      0x181 build/default/production/_ext/1171490990/exceptions.o
 .debug_abbrev  0x0000000000001597      0x1d7 build/default/production/_ext/1171490990/startup_xc32.o
 .debug_abbrev  0x000000000000176e      0x400 build/default/production/_ext/374323801/drv_canfdspi_api.o
 .debug_abbrev  0x0000000000001b6e      0x1e7 build/default/production/_ext/1360937237/main.o
 .debug_abbrev  0x0000000000001d55       0x2a c:/program files/microchip/xc32/v2.50/bin/bin/../../lib/gcc/pic32c/6.2.1/../../../../pic32c/lib\libpic32c.a(data_init.o)
 .debug_abbrev  0x0000000000001d7f       0x14 c:/program files/microchip/xc32/v2.50/bin/bin/../../lib/gcc/pic32c/6.2.1\libgcc.a(_udivsi3.o)
 .debug_abbrev  0x0000000000001d93       0x14 c:/program files/microchip/xc32/v2.50/bin/bin/../../lib/gcc/pic32c/6.2.1\libgcc.a(_dvmd_tls.o)
 .debug_abbrev  0x0000000000001da7      0x176 c:/program files/microchip/xc32/v2.50/bin/bin/../../lib/gcc/pic32c/6.2.1\libgcc.a(_muldi3.o)
 .debug_abbrev  0x0000000000001f1d      0x131 c:/program files/microchip/xc32/v2.50/bin/bin/../../lib/gcc/pic32c/6.2.1/../../../../pic32c/lib\libc_nano.a(lib_a-impure.o)
 .debug_abbrev  0x000000000000204e       0xa3 c:/program files/microchip/xc32/v2.50/bin/bin/../../lib/gcc/pic32c/6.2.1/../../../../pic32c/lib\libc_nano.a(lib_a-init.o)
 .debug_abbrev  0x00000000000020f1      0x196 c:/program files/microchip/xc32/v2.50/bin/bin/../../lib/gcc/pic32c/6.2.1/../../../../pic32c/lib\libc_nano.a(_lib_a-printf.cdnopuxX.o)
 .debug_abbrev  0x0000000000002287      0x1bf c:/program files/microchip/xc32/v2.50/bin/bin/../../lib/gcc/pic32c/6.2.1/../../../../pic32c/lib\libc_nano.a(lib_a-rand.o)
 .debug_abbrev  0x0000000000002446      0x19c c:/program files/microchip/xc32/v2.50/bin/bin/../../lib/gcc/pic32c/6.2.1/../../../../pic32c/lib\libc_nano.a(lib_a-setbuf.o)
 .debug_abbrev  0x00000000000025e2      0x215 c:/program files/microchip/xc32/v2.50/bin/bin/../../lib/gcc/pic32c/6.2.1/../../../../pic32c/lib\libc_nano.a(lib_a-setvbuf.o)
 .debug_abbrev  0x00000000000027f7      0x263 c:/program files/microchip/xc32/v2.50/bin/bin/../../lib/gcc/pic32c/6.2.1/../../../../pic32c/lib\libc_nano.a(lib_a-fflush.o)
 .debug_abbrev  0x0000000000002a5a      0x295 c:/program files/microchip/xc32/v2.50/bin/bin/../../lib/gcc/pic32c/6.2.1/../../../../pic32c/lib\libc_nano.a(lib_a-findfp.o)
 .debug_abbrev  0x0000000000002cef      0x1b0 c:/program files/microchip/xc32/v2.50/bin/bin/../../lib/gcc/pic32c/6.2.1/../../../../pic32c/lib\libc_nano.a(lib_a-fwalk.o)
 .debug_abbrev  0x0000000000002e9f      0x268 c:/program files/microchip/xc32/v2.50/bin/bin/../../lib/gcc/pic32c/6.2.1/../../../../pic32c/lib\libc_nano.a(lib_a-makebuf.o)
 .debug_abbrev  0x0000000000003107      0x1b0 c:/program files/microchip/xc32/v2.50/bin/bin/../../lib/gcc/pic32c/6.2.1/../../../../pic32c/lib\libc_nano.a(lib_a-malloc.o)
 .debug_abbrev  0x00000000000032b7      0x170 c:/program files/microchip/xc32/v2.50/bin/bin/../../lib/gcc/pic32c/6.2.1/../../../../pic32c/lib\libc_nano.a(lib_a-memset.o)
 .debug_abbrev  0x0000000000003427      0x24f c:/program files/microchip/xc32/v2.50/bin/bin/../../lib/gcc/pic32c/6.2.1/../../../../pic32c/lib\libc_nano.a(lib_a-nano-freer.o)
 .debug_abbrev  0x0000000000003676      0x286 c:/program files/microchip/xc32/v2.50/bin/bin/../../lib/gcc/pic32c/6.2.1/../../../../pic32c/lib\libc_nano.a(lib_a-nano-mallocr.o)
 .debug_abbrev  0x00000000000038fc      0x30c c:/program files/microchip/xc32/v2.50/bin/bin/../../lib/gcc/pic32c/6.2.1/../../../../pic32c/lib\libc_nano.a(_lib_a-nano-vfprintf.cdnopuxX.o)
 .debug_abbrev  0x0000000000003c08      0x25f c:/program files/microchip/xc32/v2.50/bin/bin/../../lib/gcc/pic32c/6.2.1/../../../../pic32c/lib\libc_nano.a(lib_a-nano-vfprintf_i.o)
 .debug_abbrev  0x0000000000003e67      0x1a8 c:/program files/microchip/xc32/v2.50/bin/bin/../../lib/gcc/pic32c/6.2.1/../../../../pic32c/lib\libc_nano.a(lib_a-sbrkr.o)
 .debug_abbrev  0x000000000000400f      0x1f6 c:/program files/microchip/xc32/v2.50/bin/bin/../../lib/gcc/pic32c/6.2.1/../../../../pic32c/lib\libc_nano.a(lib_a-__ssfputs.o)
 .debug_abbrev  0x0000000000004205      0x224 c:/program files/microchip/xc32/v2.50/bin/bin/../../lib/gcc/pic32c/6.2.1/../../../../pic32c/lib\libc_nano.a(lib_a-stdio.o)
 .debug_abbrev  0x0000000000004429      0x208 c:/program files/microchip/xc32/v2.50/bin/bin/../../lib/gcc/pic32c/6.2.1/../../../../pic32c/lib\libc_nano.a(lib_a-wbuf.o)
 .debug_abbrev  0x0000000000004631      0x198 c:/program files/microchip/xc32/v2.50/bin/bin/../../lib/gcc/pic32c/6.2.1/../../../../pic32c/lib\libc_nano.a(lib_a-writer.o)
 .debug_abbrev  0x00000000000047c9      0x1ec c:/program files/microchip/xc32/v2.50/bin/bin/../../lib/gcc/pic32c/6.2.1/../../../../pic32c/lib\libc_nano.a(lib_a-wsetup.o)
 .debug_abbrev  0x00000000000049b5      0x193 c:/program files/microchip/xc32/v2.50/bin/bin/../../lib/gcc/pic32c/6.2.1/../../../../pic32c/lib\libc_nano.a(lib_a-closer.o)
 .debug_abbrev  0x0000000000004b48      0x233 c:/program files/microchip/xc32/v2.50/bin/bin/../../lib/gcc/pic32c/6.2.1/../../../../pic32c/lib\libc_nano.a(lib_a-fputwc.o)
 .debug_abbrev  0x0000000000004d7b      0x193 c:/program files/microchip/xc32/v2.50/bin/bin/../../lib/gcc/pic32c/6.2.1/../../../../pic32c/lib\libc_nano.a(lib_a-fstatr.o)
 .debug_abbrev  0x0000000000004f0e      0x193 c:/program files/microchip/xc32/v2.50/bin/bin/../../lib/gcc/pic32c/6.2.1/../../../../pic32c/lib\libc_nano.a(lib_a-isattyr.o)
 .debug_abbrev  0x00000000000050a1      0x264 c:/program files/microchip/xc32/v2.50/bin/bin/../../lib/gcc/pic32c/6.2.1/../../../../pic32c/lib\libc_nano.a(lib_a-locale.o)
 .debug_abbrev  0x0000000000005305      0x193 c:/program files/microchip/xc32/v2.50/bin/bin/../../lib/gcc/pic32c/6.2.1/../../../../pic32c/lib\libc_nano.a(lib_a-lseekr.o)
 .debug_abbrev  0x0000000000005498      0x1cd c:/program files/microchip/xc32/v2.50/bin/bin/../../lib/gcc/pic32c/6.2.1/../../../../pic32c/lib\libc_nano.a(lib_a-mbtowc_r.o)
 .debug_abbrev  0x0000000000005665      0x16d c:/program files/microchip/xc32/v2.50/bin/bin/../../lib/gcc/pic32c/6.2.1/../../../../pic32c/lib\libc_nano.a(lib_a-memchr-stub.o)
 .debug_abbrev  0x00000000000057d2      0x165 c:/program files/microchip/xc32/v2.50/bin/bin/../../lib/gcc/pic32c/6.2.1/../../../../pic32c/lib\libc_nano.a(lib_a-mlock.o)
 .debug_abbrev  0x0000000000005937      0x193 c:/program files/microchip/xc32/v2.50/bin/bin/../../lib/gcc/pic32c/6.2.1/../../../../pic32c/lib\libc_nano.a(lib_a-readr.o)
 .debug_abbrev  0x0000000000005aca      0x1ea c:/program files/microchip/xc32/v2.50/bin/bin/../../lib/gcc/pic32c/6.2.1/../../../../pic32c/lib\libc_nano.a(lib_a-reent.o)
 .debug_abbrev  0x0000000000005cb4      0x1d5 c:/program files/microchip/xc32/v2.50/bin/bin/../../lib/gcc/pic32c/6.2.1/../../../../pic32c/lib\libc_nano.a(lib_a-wcrtomb.o)
 .debug_abbrev  0x0000000000005e89      0x1ce c:/program files/microchip/xc32/v2.50/bin/bin/../../lib/gcc/pic32c/6.2.1/../../../../pic32c/lib\libc_nano.a(lib_a-wctomb_r.o)
 .debug_abbrev  0x0000000000006057      0x131 c:/program files/microchip/xc32/v2.50/bin/bin/../../lib/gcc/pic32c/6.2.1/../../../../pic32c/lib\libc_nano.a(lib_a-ctype_.o)
 .debug_abbrev  0x0000000000006188       0x2a c:/program files/microchip/xc32/v2.50/bin/bin/../../lib/gcc/pic32c/6.2.1/../../../../pic32c/lib\libpic32c.a(_close.o)
 .debug_abbrev  0x00000000000061b2       0x2a c:/program files/microchip/xc32/v2.50/bin/bin/../../lib/gcc/pic32c/6.2.1/../../../../pic32c/lib\libpic32c.a(_fstat.o)
 .debug_abbrev  0x00000000000061dc       0x2a c:/program files/microchip/xc32/v2.50/bin/bin/../../lib/gcc/pic32c/6.2.1/../../../../pic32c/lib\libpic32c.a(_isatty.o)
 .debug_abbrev  0x0000000000006206       0x2a c:/program files/microchip/xc32/v2.50/bin/bin/../../lib/gcc/pic32c/6.2.1/../../../../pic32c/lib\libpic32c.a(_lseek.o)
 .debug_abbrev  0x0000000000006230       0x2a c:/program files/microchip/xc32/v2.50/bin/bin/../../lib/gcc/pic32c/6.2.1/../../../../pic32c/lib\libpic32c.a(_read.o)
 .debug_abbrev  0x000000000000625a       0x2a c:/program files/microchip/xc32/v2.50/bin/bin/../../lib/gcc/pic32c/6.2.1/../../../../pic32c/lib\libpic32c.a(sbrk.o)
 .debug_abbrev  0x0000000000006284       0x2a c:/program files/microchip/xc32/v2.50/bin/bin/../../lib/gcc/pic32c/6.2.1/../../../../pic32c/lib\libpic32c.a(_write.o)
 .debug_abbrev  0x00000000000062ae       0x2a c:/program files/microchip/xc32/v2.50/bin/bin/../../lib/gcc/pic32c/6.2.1/../../../../pic32c/lib\libpic32c.a(close.o)
 .debug_abbrev  0x00000000000062d8       0x2a c:/program files/microchip/xc32/v2.50/bin/bin/../../lib/gcc/pic32c/6.2.1/../../../../pic32c/lib\libpic32c.a(fstat.o)
 .debug_abbrev  0x0000000000006302       0x2a c:/program files/microchip/xc32/v2.50/bin/bin/../../lib/gcc/pic32c/6.2.1/../../../../pic32c/lib\libpic32c.a(isatty.o)
 .debug_abbrev  0x000000000000632c       0x2a c:/program files/microchip/xc32/v2.50/bin/bin/../../lib/gcc/pic32c/6.2.1/../../../../pic32c/lib\libpic32c.a(lseek.o)
 .debug_abbrev  0x0000000000006356       0x2a c:/program files/microchip/xc32/v2.50/bin/bin/../../lib/gcc/pic32c/6.2.1/../../../../pic32c/lib\libpic32c.a(read.o)
 .debug_abbrev  0x0000000000006380       0x2a c:/program files/microchip/xc32/v2.50/bin/bin/../../lib/gcc/pic32c/6.2.1/../../../../pic32c/lib\libpic32c.a(write.o)

.debug_loc      0x0000000000000000     0xac68
 .debug_loc     0x0000000000000000       0xc4 build/default/production/_ext/659850791/canfd.o
 .debug_loc     0x00000000000000c4       0x78 build/default/production/_ext/1984496892/plib_clock.o
 .debug_loc     0x000000000000013c      0x312 build/default/production/_ext/1593096446/plib_nvmctrl.o
 .debug_loc     0x000000000000044e       0xa4 build/default/production/_ext/1865521619/plib_port.o
 .debug_loc     0x00000000000004f2      0x529 build/default/production/_ext/17022449/plib_sercom1_spi_master.o
 .debug_loc     0x0000000000000a1b      0x5b8 build/default/production/_ext/504274921/plib_sercom5_usart.o
 .debug_loc     0x0000000000000fd3       0x9a build/default/production/_ext/1827571544/plib_systick.o
 .debug_loc     0x000000000000106d       0x9f build/default/production/_ext/163028504/xc32_monitor.o
 .debug_loc     0x000000000000110c       0x41 build/default/production/_ext/1171490990/initialization.o
 .debug_loc     0x000000000000114d       0x20 build/default/production/_ext/1171490990/startup_xc32.o
 .debug_loc     0x000000000000116d     0x60fc build/default/production/_ext/374323801/drv_canfdspi_api.o
 .debug_loc     0x0000000000007269       0x20 build/default/production/_ext/1360937237/main.o
 .debug_loc     0x0000000000007289       0x14 c:/program files/microchip/xc32/v2.50/bin/bin/../../lib/gcc/pic32c/6.2.1/../../../../pic32c/lib\libpic32c.a(data_init.o)
 .debug_loc     0x000000000000729d      0x164 c:/program files/microchip/xc32/v2.50/bin/bin/../../lib/gcc/pic32c/6.2.1\libgcc.a(_muldi3.o)
 .debug_loc     0x0000000000007401       0x72 c:/program files/microchip/xc32/v2.50/bin/bin/../../lib/gcc/pic32c/6.2.1/../../../../pic32c/lib\libc_nano.a(lib_a-init.o)
 .debug_loc     0x0000000000007473       0x2c c:/program files/microchip/xc32/v2.50/bin/bin/../../lib/gcc/pic32c/6.2.1/../../../../pic32c/lib\libc_nano.a(_lib_a-printf.cdnopuxX.o)
 .debug_loc     0x000000000000749f       0xb6 c:/program files/microchip/xc32/v2.50/bin/bin/../../lib/gcc/pic32c/6.2.1/../../../../pic32c/lib\libc_nano.a(lib_a-rand.o)
 .debug_loc     0x0000000000007555       0x62 c:/program files/microchip/xc32/v2.50/bin/bin/../../lib/gcc/pic32c/6.2.1/../../../../pic32c/lib\libc_nano.a(lib_a-setbuf.o)
 .debug_loc     0x00000000000075b7      0x1ca c:/program files/microchip/xc32/v2.50/bin/bin/../../lib/gcc/pic32c/6.2.1/../../../../pic32c/lib\libc_nano.a(lib_a-setvbuf.o)
 .debug_loc     0x0000000000007781      0x30b c:/program files/microchip/xc32/v2.50/bin/bin/../../lib/gcc/pic32c/6.2.1/../../../../pic32c/lib\libc_nano.a(lib_a-fflush.o)
 .debug_loc     0x0000000000007a8c      0x2b8 c:/program files/microchip/xc32/v2.50/bin/bin/../../lib/gcc/pic32c/6.2.1/../../../../pic32c/lib\libc_nano.a(lib_a-findfp.o)
 .debug_loc     0x0000000000007d44      0x1d9 c:/program files/microchip/xc32/v2.50/bin/bin/../../lib/gcc/pic32c/6.2.1/../../../../pic32c/lib\libc_nano.a(lib_a-fwalk.o)
 .debug_loc     0x0000000000007f1d      0x260 c:/program files/microchip/xc32/v2.50/bin/bin/../../lib/gcc/pic32c/6.2.1/../../../../pic32c/lib\libc_nano.a(lib_a-makebuf.o)
 .debug_loc     0x000000000000817d       0x98 c:/program files/microchip/xc32/v2.50/bin/bin/../../lib/gcc/pic32c/6.2.1/../../../../pic32c/lib\libc_nano.a(lib_a-malloc.o)
 .debug_loc     0x0000000000008215       0x72 c:/program files/microchip/xc32/v2.50/bin/bin/../../lib/gcc/pic32c/6.2.1/../../../../pic32c/lib\libc_nano.a(lib_a-memset.o)
 .debug_loc     0x0000000000008287      0x108 c:/program files/microchip/xc32/v2.50/bin/bin/../../lib/gcc/pic32c/6.2.1/../../../../pic32c/lib\libc_nano.a(lib_a-nano-freer.o)
 .debug_loc     0x000000000000838f      0x242 c:/program files/microchip/xc32/v2.50/bin/bin/../../lib/gcc/pic32c/6.2.1/../../../../pic32c/lib\libc_nano.a(lib_a-nano-mallocr.o)
 .debug_loc     0x00000000000085d1      0x996 c:/program files/microchip/xc32/v2.50/bin/bin/../../lib/gcc/pic32c/6.2.1/../../../../pic32c/lib\libc_nano.a(_lib_a-nano-vfprintf.cdnopuxX.o)
 .debug_loc     0x0000000000008f67      0x66f c:/program files/microchip/xc32/v2.50/bin/bin/../../lib/gcc/pic32c/6.2.1/../../../../pic32c/lib\libc_nano.a(lib_a-nano-vfprintf_i.o)
 .debug_loc     0x00000000000095d6       0x6d c:/program files/microchip/xc32/v2.50/bin/bin/../../lib/gcc/pic32c/6.2.1/../../../../pic32c/lib\libc_nano.a(lib_a-sbrkr.o)
 .debug_loc     0x0000000000009643      0x1da c:/program files/microchip/xc32/v2.50/bin/bin/../../lib/gcc/pic32c/6.2.1/../../../../pic32c/lib\libc_nano.a(lib_a-__ssfputs.o)
 .debug_loc     0x000000000000981d      0x382 c:/program files/microchip/xc32/v2.50/bin/bin/../../lib/gcc/pic32c/6.2.1/../../../../pic32c/lib\libc_nano.a(lib_a-stdio.o)
 .debug_loc     0x0000000000009b9f      0x194 c:/program files/microchip/xc32/v2.50/bin/bin/../../lib/gcc/pic32c/6.2.1/../../../../pic32c/lib\libc_nano.a(lib_a-wbuf.o)
 .debug_loc     0x0000000000009d33       0xc5 c:/program files/microchip/xc32/v2.50/bin/bin/../../lib/gcc/pic32c/6.2.1/../../../../pic32c/lib\libc_nano.a(lib_a-writer.o)
 .debug_loc     0x0000000000009df8       0x9e c:/program files/microchip/xc32/v2.50/bin/bin/../../lib/gcc/pic32c/6.2.1/../../../../pic32c/lib\libc_nano.a(lib_a-wsetup.o)
 .debug_loc     0x0000000000009e96       0x6d c:/program files/microchip/xc32/v2.50/bin/bin/../../lib/gcc/pic32c/6.2.1/../../../../pic32c/lib\libc_nano.a(lib_a-closer.o)
 .debug_loc     0x0000000000009f03      0x2ac c:/program files/microchip/xc32/v2.50/bin/bin/../../lib/gcc/pic32c/6.2.1/../../../../pic32c/lib\libc_nano.a(lib_a-fputwc.o)
 .debug_loc     0x000000000000a1af       0x99 c:/program files/microchip/xc32/v2.50/bin/bin/../../lib/gcc/pic32c/6.2.1/../../../../pic32c/lib\libc_nano.a(lib_a-fstatr.o)
 .debug_loc     0x000000000000a248       0x6d c:/program files/microchip/xc32/v2.50/bin/bin/../../lib/gcc/pic32c/6.2.1/../../../../pic32c/lib\libc_nano.a(lib_a-isattyr.o)
 .debug_loc     0x000000000000a2b5      0x174 c:/program files/microchip/xc32/v2.50/bin/bin/../../lib/gcc/pic32c/6.2.1/../../../../pic32c/lib\libc_nano.a(lib_a-locale.o)
 .debug_loc     0x000000000000a429       0xc5 c:/program files/microchip/xc32/v2.50/bin/bin/../../lib/gcc/pic32c/6.2.1/../../../../pic32c/lib\libc_nano.a(lib_a-lseekr.o)
 .debug_loc     0x000000000000a4ee      0x19a c:/program files/microchip/xc32/v2.50/bin/bin/../../lib/gcc/pic32c/6.2.1/../../../../pic32c/lib\libc_nano.a(lib_a-mbtowc_r.o)
 .debug_loc     0x000000000000a688       0xb4 c:/program files/microchip/xc32/v2.50/bin/bin/../../lib/gcc/pic32c/6.2.1/../../../../pic32c/lib\libc_nano.a(lib_a-memchr-stub.o)
 .debug_loc     0x000000000000a73c       0xc5 c:/program files/microchip/xc32/v2.50/bin/bin/../../lib/gcc/pic32c/6.2.1/../../../../pic32c/lib\libc_nano.a(lib_a-readr.o)
 .debug_loc     0x000000000000a801      0x10b c:/program files/microchip/xc32/v2.50/bin/bin/../../lib/gcc/pic32c/6.2.1/../../../../pic32c/lib\libc_nano.a(lib_a-reent.o)
 .debug_loc     0x000000000000a90c      0x1cb c:/program files/microchip/xc32/v2.50/bin/bin/../../lib/gcc/pic32c/6.2.1/../../../../pic32c/lib\libc_nano.a(lib_a-wcrtomb.o)
 .debug_loc     0x000000000000aad7       0xf1 c:/program files/microchip/xc32/v2.50/bin/bin/../../lib/gcc/pic32c/6.2.1/../../../../pic32c/lib\libc_nano.a(lib_a-wctomb_r.o)
 .debug_loc     0x000000000000abc8       0x14 c:/program files/microchip/xc32/v2.50/bin/bin/../../lib/gcc/pic32c/6.2.1/../../../../pic32c/lib\libpic32c.a(_close.o)
 .debug_loc     0x000000000000abdc       0x14 c:/program files/microchip/xc32/v2.50/bin/bin/../../lib/gcc/pic32c/6.2.1/../../../../pic32c/lib\libpic32c.a(_fstat.o)
 .debug_loc     0x000000000000abf0       0x14 c:/program files/microchip/xc32/v2.50/bin/bin/../../lib/gcc/pic32c/6.2.1/../../../../pic32c/lib\libpic32c.a(_isatty.o)
 .debug_loc     0x000000000000ac04       0x14 c:/program files/microchip/xc32/v2.50/bin/bin/../../lib/gcc/pic32c/6.2.1/../../../../pic32c/lib\libpic32c.a(_lseek.o)
 .debug_loc     0x000000000000ac18       0x14 c:/program files/microchip/xc32/v2.50/bin/bin/../../lib/gcc/pic32c/6.2.1/../../../../pic32c/lib\libpic32c.a(_read.o)
 .debug_loc     0x000000000000ac2c       0x14 c:/program files/microchip/xc32/v2.50/bin/bin/../../lib/gcc/pic32c/6.2.1/../../../../pic32c/lib\libpic32c.a(_write.o)
 .debug_loc     0x000000000000ac40       0x14 c:/program files/microchip/xc32/v2.50/bin/bin/../../lib/gcc/pic32c/6.2.1/../../../../pic32c/lib\libpic32c.a(read.o)
 .debug_loc     0x000000000000ac54       0x14 c:/program files/microchip/xc32/v2.50/bin/bin/../../lib/gcc/pic32c/6.2.1/../../../../pic32c/lib\libpic32c.a(write.o)

.debug_aranges  0x0000000000000000      0xf18
 .debug_aranges
                0x0000000000000000       0x28 build/default/production/_ext/659850791/canfd.o
 .debug_aranges
                0x0000000000000028       0x20 build/default/production/_ext/1984496892/plib_clock.o
 .debug_aranges
                0x0000000000000048       0x20 build/default/production/_ext/1986646378/plib_evsys.o
 .debug_aranges
                0x0000000000000068       0x20 build/default/production/_ext/1865468468/plib_nvic.o
 .debug_aranges
                0x0000000000000088       0x78 build/default/production/_ext/1593096446/plib_nvmctrl.o
 .debug_aranges
                0x0000000000000100       0x60 build/default/production/_ext/1865521619/plib_port.o
 .debug_aranges
                0x0000000000000160       0x40 build/default/production/_ext/17022449/plib_sercom1_spi_master.o
 .debug_aranges
                0x00000000000001a0       0x90 build/default/production/_ext/504274921/plib_sercom5_usart.o
 .debug_aranges
                0x0000000000000230       0x70 build/default/production/_ext/1827571544/plib_systick.o
 .debug_aranges
                0x00000000000002a0       0x28 build/default/production/_ext/163028504/xc32_monitor.o
 .debug_aranges
                0x00000000000002c8       0x20 build/default/production/_ext/1171490990/initialization.o
 .debug_aranges
                0x00000000000002e8       0x20 build/default/production/_ext/1171490990/interrupts.o
 .debug_aranges
                0x0000000000000308       0x28 build/default/production/_ext/1171490990/exceptions.o
 .debug_aranges
                0x0000000000000330       0x20 build/default/production/_ext/1171490990/startup_xc32.o
 .debug_aranges
                0x0000000000000350      0x428 build/default/production/_ext/374323801/drv_canfdspi_api.o
 .debug_aranges
                0x0000000000000778       0x20 build/default/production/_ext/1360937237/main.o
 .debug_aranges
                0x0000000000000798       0x20 c:/program files/microchip/xc32/v2.50/bin/bin/../../lib/gcc/pic32c/6.2.1/../../../../pic32c/lib\libpic32c.a(data_init.o)
 .debug_aranges
                0x00000000000007b8       0x20 c:/program files/microchip/xc32/v2.50/bin/bin/../../lib/gcc/pic32c/6.2.1\libgcc.a(_udivsi3.o)
 .debug_aranges
                0x00000000000007d8       0x20 c:/program files/microchip/xc32/v2.50/bin/bin/../../lib/gcc/pic32c/6.2.1\libgcc.a(_dvmd_tls.o)
 .debug_aranges
                0x00000000000007f8       0x20 c:/program files/microchip/xc32/v2.50/bin/bin/../../lib/gcc/pic32c/6.2.1\libgcc.a(_muldi3.o)
 .debug_aranges
                0x0000000000000818       0x18 c:/program files/microchip/xc32/v2.50/bin/bin/../../lib/gcc/pic32c/6.2.1/../../../../pic32c/lib\libc_nano.a(lib_a-impure.o)
 .debug_aranges
                0x0000000000000830       0x20 c:/program files/microchip/xc32/v2.50/bin/bin/../../lib/gcc/pic32c/6.2.1/../../../../pic32c/lib\libc_nano.a(lib_a-init.o)
 .debug_aranges
                0x0000000000000850       0x20 c:/program files/microchip/xc32/v2.50/bin/bin/../../lib/gcc/pic32c/6.2.1/../../../../pic32c/lib\libc_nano.a(_lib_a-printf.cdnopuxX.o)
 .debug_aranges
                0x0000000000000870       0x28 c:/program files/microchip/xc32/v2.50/bin/bin/../../lib/gcc/pic32c/6.2.1/../../../../pic32c/lib\libc_nano.a(lib_a-rand.o)
 .debug_aranges
                0x0000000000000898       0x20 c:/program files/microchip/xc32/v2.50/bin/bin/../../lib/gcc/pic32c/6.2.1/../../../../pic32c/lib\libc_nano.a(lib_a-setbuf.o)
 .debug_aranges
                0x00000000000008b8       0x20 c:/program files/microchip/xc32/v2.50/bin/bin/../../lib/gcc/pic32c/6.2.1/../../../../pic32c/lib\libc_nano.a(lib_a-setvbuf.o)
 .debug_aranges
                0x00000000000008d8       0x30 c:/program files/microchip/xc32/v2.50/bin/bin/../../lib/gcc/pic32c/6.2.1/../../../../pic32c/lib\libc_nano.a(lib_a-fflush.o)
 .debug_aranges
                0x0000000000000908       0x48 c:/program files/microchip/xc32/v2.50/bin/bin/../../lib/gcc/pic32c/6.2.1/../../../../pic32c/lib\libc_nano.a(lib_a-findfp.o)
 .debug_aranges
                0x0000000000000950       0x28 c:/program files/microchip/xc32/v2.50/bin/bin/../../lib/gcc/pic32c/6.2.1/../../../../pic32c/lib\libc_nano.a(lib_a-fwalk.o)
 .debug_aranges
                0x0000000000000978       0x28 c:/program files/microchip/xc32/v2.50/bin/bin/../../lib/gcc/pic32c/6.2.1/../../../../pic32c/lib\libc_nano.a(lib_a-makebuf.o)
 .debug_aranges
                0x00000000000009a0       0x28 c:/program files/microchip/xc32/v2.50/bin/bin/../../lib/gcc/pic32c/6.2.1/../../../../pic32c/lib\libc_nano.a(lib_a-malloc.o)
 .debug_aranges
                0x00000000000009c8       0x20 c:/program files/microchip/xc32/v2.50/bin/bin/../../lib/gcc/pic32c/6.2.1/../../../../pic32c/lib\libc_nano.a(lib_a-memset.o)
 .debug_aranges
                0x00000000000009e8       0x20 c:/program files/microchip/xc32/v2.50/bin/bin/../../lib/gcc/pic32c/6.2.1/../../../../pic32c/lib\libc_nano.a(lib_a-nano-freer.o)
 .debug_aranges
                0x0000000000000a08       0x20 c:/program files/microchip/xc32/v2.50/bin/bin/../../lib/gcc/pic32c/6.2.1/../../../../pic32c/lib\libc_nano.a(lib_a-nano-mallocr.o)
 .debug_aranges
                0x0000000000000a28       0x30 c:/program files/microchip/xc32/v2.50/bin/bin/../../lib/gcc/pic32c/6.2.1/../../../../pic32c/lib\libc_nano.a(_lib_a-nano-vfprintf.cdnopuxX.o)
 .debug_aranges
                0x0000000000000a58       0x28 c:/program files/microchip/xc32/v2.50/bin/bin/../../lib/gcc/pic32c/6.2.1/../../../../pic32c/lib\libc_nano.a(lib_a-nano-vfprintf_i.o)
 .debug_aranges
                0x0000000000000a80       0x20 c:/program files/microchip/xc32/v2.50/bin/bin/../../lib/gcc/pic32c/6.2.1/../../../../pic32c/lib\libc_nano.a(lib_a-sbrkr.o)
 .debug_aranges
                0x0000000000000aa0       0x28 c:/program files/microchip/xc32/v2.50/bin/bin/../../lib/gcc/pic32c/6.2.1/../../../../pic32c/lib\libc_nano.a(lib_a-__ssfputs.o)
 .debug_aranges
                0x0000000000000ac8       0x40 c:/program files/microchip/xc32/v2.50/bin/bin/../../lib/gcc/pic32c/6.2.1/../../../../pic32c/lib\libc_nano.a(lib_a-stdio.o)
 .debug_aranges
                0x0000000000000b08       0x28 c:/program files/microchip/xc32/v2.50/bin/bin/../../lib/gcc/pic32c/6.2.1/../../../../pic32c/lib\libc_nano.a(lib_a-wbuf.o)
 .debug_aranges
                0x0000000000000b30       0x20 c:/program files/microchip/xc32/v2.50/bin/bin/../../lib/gcc/pic32c/6.2.1/../../../../pic32c/lib\libc_nano.a(lib_a-writer.o)
 .debug_aranges
                0x0000000000000b50       0x20 c:/program files/microchip/xc32/v2.50/bin/bin/../../lib/gcc/pic32c/6.2.1/../../../../pic32c/lib\libc_nano.a(lib_a-wsetup.o)
 .debug_aranges
                0x0000000000000b70       0x20 c:/program files/microchip/xc32/v2.50/bin/bin/../../lib/gcc/pic32c/6.2.1/../../../../pic32c/lib\libc_nano.a(lib_a-closer.o)
 .debug_aranges
                0x0000000000000b90       0x30 c:/program files/microchip/xc32/v2.50/bin/bin/../../lib/gcc/pic32c/6.2.1/../../../../pic32c/lib\libc_nano.a(lib_a-fputwc.o)
 .debug_aranges
                0x0000000000000bc0       0x20 c:/program files/microchip/xc32/v2.50/bin/bin/../../lib/gcc/pic32c/6.2.1/../../../../pic32c/lib\libc_nano.a(lib_a-fstatr.o)
 .debug_aranges
                0x0000000000000be0       0x20 c:/program files/microchip/xc32/v2.50/bin/bin/../../lib/gcc/pic32c/6.2.1/../../../../pic32c/lib\libc_nano.a(lib_a-isattyr.o)
 .debug_aranges
                0x0000000000000c00       0x40 c:/program files/microchip/xc32/v2.50/bin/bin/../../lib/gcc/pic32c/6.2.1/../../../../pic32c/lib\libc_nano.a(lib_a-locale.o)
 .debug_aranges
                0x0000000000000c40       0x20 c:/program files/microchip/xc32/v2.50/bin/bin/../../lib/gcc/pic32c/6.2.1/../../../../pic32c/lib\libc_nano.a(lib_a-lseekr.o)
 .debug_aranges
                0x0000000000000c60       0x28 c:/program files/microchip/xc32/v2.50/bin/bin/../../lib/gcc/pic32c/6.2.1/../../../../pic32c/lib\libc_nano.a(lib_a-mbtowc_r.o)
 .debug_aranges
                0x0000000000000c88       0x20 c:/program files/microchip/xc32/v2.50/bin/bin/../../lib/gcc/pic32c/6.2.1/../../../../pic32c/lib\libc_nano.a(lib_a-memchr-stub.o)
 .debug_aranges
                0x0000000000000ca8       0x20 c:/program files/microchip/xc32/v2.50/bin/bin/../../lib/gcc/pic32c/6.2.1/../../../../pic32c/lib\libc_nano.a(lib_a-mlock.o)
 .debug_aranges
                0x0000000000000cc8       0x20 c:/program files/microchip/xc32/v2.50/bin/bin/../../lib/gcc/pic32c/6.2.1/../../../../pic32c/lib\libc_nano.a(lib_a-readr.o)
 .debug_aranges
                0x0000000000000ce8       0x28 c:/program files/microchip/xc32/v2.50/bin/bin/../../lib/gcc/pic32c/6.2.1/../../../../pic32c/lib\libc_nano.a(lib_a-reent.o)
 .debug_aranges
                0x0000000000000d10       0x28 c:/program files/microchip/xc32/v2.50/bin/bin/../../lib/gcc/pic32c/6.2.1/../../../../pic32c/lib\libc_nano.a(lib_a-wcrtomb.o)
 .debug_aranges
                0x0000000000000d38       0x28 c:/program files/microchip/xc32/v2.50/bin/bin/../../lib/gcc/pic32c/6.2.1/../../../../pic32c/lib\libc_nano.a(lib_a-wctomb_r.o)
 .debug_aranges
                0x0000000000000d60       0x18 c:/program files/microchip/xc32/v2.50/bin/bin/../../lib/gcc/pic32c/6.2.1/../../../../pic32c/lib\libc_nano.a(lib_a-ctype_.o)
 .debug_aranges
                0x0000000000000d78       0x20 c:/program files/microchip/xc32/v2.50/bin/bin/../../lib/gcc/pic32c/6.2.1/../../../../pic32c/lib\libpic32c.a(_close.o)
 .debug_aranges
                0x0000000000000d98       0x20 c:/program files/microchip/xc32/v2.50/bin/bin/../../lib/gcc/pic32c/6.2.1/../../../../pic32c/lib\libpic32c.a(_fstat.o)
 .debug_aranges
                0x0000000000000db8       0x20 c:/program files/microchip/xc32/v2.50/bin/bin/../../lib/gcc/pic32c/6.2.1/../../../../pic32c/lib\libpic32c.a(_isatty.o)
 .debug_aranges
                0x0000000000000dd8       0x20 c:/program files/microchip/xc32/v2.50/bin/bin/../../lib/gcc/pic32c/6.2.1/../../../../pic32c/lib\libpic32c.a(_lseek.o)
 .debug_aranges
                0x0000000000000df8       0x20 c:/program files/microchip/xc32/v2.50/bin/bin/../../lib/gcc/pic32c/6.2.1/../../../../pic32c/lib\libpic32c.a(_read.o)
 .debug_aranges
                0x0000000000000e18       0x20 c:/program files/microchip/xc32/v2.50/bin/bin/../../lib/gcc/pic32c/6.2.1/../../../../pic32c/lib\libpic32c.a(sbrk.o)
 .debug_aranges
                0x0000000000000e38       0x20 c:/program files/microchip/xc32/v2.50/bin/bin/../../lib/gcc/pic32c/6.2.1/../../../../pic32c/lib\libpic32c.a(_write.o)
 .debug_aranges
                0x0000000000000e58       0x20 c:/program files/microchip/xc32/v2.50/bin/bin/../../lib/gcc/pic32c/6.2.1/../../../../pic32c/lib\libpic32c.a(close.o)
 .debug_aranges
                0x0000000000000e78       0x20 c:/program files/microchip/xc32/v2.50/bin/bin/../../lib/gcc/pic32c/6.2.1/../../../../pic32c/lib\libpic32c.a(fstat.o)
 .debug_aranges
                0x0000000000000e98       0x20 c:/program files/microchip/xc32/v2.50/bin/bin/../../lib/gcc/pic32c/6.2.1/../../../../pic32c/lib\libpic32c.a(isatty.o)
 .debug_aranges
                0x0000000000000eb8       0x20 c:/program files/microchip/xc32/v2.50/bin/bin/../../lib/gcc/pic32c/6.2.1/../../../../pic32c/lib\libpic32c.a(lseek.o)
 .debug_aranges
                0x0000000000000ed8       0x20 c:/program files/microchip/xc32/v2.50/bin/bin/../../lib/gcc/pic32c/6.2.1/../../../../pic32c/lib\libpic32c.a(read.o)
 .debug_aranges
                0x0000000000000ef8       0x20 c:/program files/microchip/xc32/v2.50/bin/bin/../../lib/gcc/pic32c/6.2.1/../../../../pic32c/lib\libpic32c.a(write.o)

.debug_ranges   0x0000000000000000      0xd60
 .debug_ranges  0x0000000000000000       0x18 build/default/production/_ext/659850791/canfd.o
 .debug_ranges  0x0000000000000018       0x28 build/default/production/_ext/1984496892/plib_clock.o
 .debug_ranges  0x0000000000000040       0x10 build/default/production/_ext/1986646378/plib_evsys.o
 .debug_ranges  0x0000000000000050       0x10 build/default/production/_ext/1865468468/plib_nvic.o
 .debug_ranges  0x0000000000000060       0x68 build/default/production/_ext/1593096446/plib_nvmctrl.o
 .debug_ranges  0x00000000000000c8       0x50 build/default/production/_ext/1865521619/plib_port.o
 .debug_ranges  0x0000000000000118       0x30 build/default/production/_ext/17022449/plib_sercom1_spi_master.o
 .debug_ranges  0x0000000000000148       0x80 build/default/production/_ext/504274921/plib_sercom5_usart.o
 .debug_ranges  0x00000000000001c8       0x60 build/default/production/_ext/1827571544/plib_systick.o
 .debug_ranges  0x0000000000000228       0x18 build/default/production/_ext/163028504/xc32_monitor.o
 .debug_ranges  0x0000000000000240       0x10 build/default/production/_ext/1171490990/initialization.o
 .debug_ranges  0x0000000000000250       0x10 build/default/production/_ext/1171490990/interrupts.o
 .debug_ranges  0x0000000000000260       0x18 build/default/production/_ext/1171490990/exceptions.o
 .debug_ranges  0x0000000000000278       0x10 build/default/production/_ext/1171490990/startup_xc32.o
 .debug_ranges  0x0000000000000288      0x418 build/default/production/_ext/374323801/drv_canfdspi_api.o
 .debug_ranges  0x00000000000006a0       0x10 build/default/production/_ext/1360937237/main.o
 .debug_ranges  0x00000000000006b0       0x10 c:/program files/microchip/xc32/v2.50/bin/bin/../../lib/gcc/pic32c/6.2.1/../../../../pic32c/lib\libpic32c.a(data_init.o)
 .debug_ranges  0x00000000000006c0       0x28 c:/program files/microchip/xc32/v2.50/bin/bin/../../lib/gcc/pic32c/6.2.1\libgcc.a(_muldi3.o)
 .debug_ranges  0x00000000000006e8       0x10 c:/program files/microchip/xc32/v2.50/bin/bin/../../lib/gcc/pic32c/6.2.1/../../../../pic32c/lib\libc_nano.a(lib_a-init.o)
 .debug_ranges  0x00000000000006f8       0x10 c:/program files/microchip/xc32/v2.50/bin/bin/../../lib/gcc/pic32c/6.2.1/../../../../pic32c/lib\libc_nano.a(_lib_a-printf.cdnopuxX.o)
 .debug_ranges  0x0000000000000708       0x48 c:/program files/microchip/xc32/v2.50/bin/bin/../../lib/gcc/pic32c/6.2.1/../../../../pic32c/lib\libc_nano.a(lib_a-rand.o)
 .debug_ranges  0x0000000000000750       0x10 c:/program files/microchip/xc32/v2.50/bin/bin/../../lib/gcc/pic32c/6.2.1/../../../../pic32c/lib\libc_nano.a(lib_a-setbuf.o)
 .debug_ranges  0x0000000000000760       0x28 c:/program files/microchip/xc32/v2.50/bin/bin/../../lib/gcc/pic32c/6.2.1/../../../../pic32c/lib\libc_nano.a(lib_a-setvbuf.o)
 .debug_ranges  0x0000000000000788       0x68 c:/program files/microchip/xc32/v2.50/bin/bin/../../lib/gcc/pic32c/6.2.1/../../../../pic32c/lib\libc_nano.a(lib_a-fflush.o)
 .debug_ranges  0x00000000000007f0       0x38 c:/program files/microchip/xc32/v2.50/bin/bin/../../lib/gcc/pic32c/6.2.1/../../../../pic32c/lib\libc_nano.a(lib_a-findfp.o)
 .debug_ranges  0x0000000000000828       0x18 c:/program files/microchip/xc32/v2.50/bin/bin/../../lib/gcc/pic32c/6.2.1/../../../../pic32c/lib\libc_nano.a(lib_a-fwalk.o)
 .debug_ranges  0x0000000000000840       0x30 c:/program files/microchip/xc32/v2.50/bin/bin/../../lib/gcc/pic32c/6.2.1/../../../../pic32c/lib\libc_nano.a(lib_a-makebuf.o)
 .debug_ranges  0x0000000000000870       0x18 c:/program files/microchip/xc32/v2.50/bin/bin/../../lib/gcc/pic32c/6.2.1/../../../../pic32c/lib\libc_nano.a(lib_a-malloc.o)
 .debug_ranges  0x0000000000000888       0x10 c:/program files/microchip/xc32/v2.50/bin/bin/../../lib/gcc/pic32c/6.2.1/../../../../pic32c/lib\libc_nano.a(lib_a-memset.o)
 .debug_ranges  0x0000000000000898       0x28 c:/program files/microchip/xc32/v2.50/bin/bin/../../lib/gcc/pic32c/6.2.1/../../../../pic32c/lib\libc_nano.a(lib_a-nano-freer.o)
 .debug_ranges  0x00000000000008c0       0x60 c:/program files/microchip/xc32/v2.50/bin/bin/../../lib/gcc/pic32c/6.2.1/../../../../pic32c/lib\libc_nano.a(lib_a-nano-mallocr.o)
 .debug_ranges  0x0000000000000920       0x60 c:/program files/microchip/xc32/v2.50/bin/bin/../../lib/gcc/pic32c/6.2.1/../../../../pic32c/lib\libc_nano.a(_lib_a-nano-vfprintf.cdnopuxX.o)
 .debug_ranges  0x0000000000000980       0x90 c:/program files/microchip/xc32/v2.50/bin/bin/../../lib/gcc/pic32c/6.2.1/../../../../pic32c/lib\libc_nano.a(lib_a-nano-vfprintf_i.o)
 .debug_ranges  0x0000000000000a10       0x10 c:/program files/microchip/xc32/v2.50/bin/bin/../../lib/gcc/pic32c/6.2.1/../../../../pic32c/lib\libc_nano.a(lib_a-sbrkr.o)
 .debug_ranges  0x0000000000000a20       0x30 c:/program files/microchip/xc32/v2.50/bin/bin/../../lib/gcc/pic32c/6.2.1/../../../../pic32c/lib\libc_nano.a(lib_a-__ssfputs.o)
 .debug_ranges  0x0000000000000a50       0x30 c:/program files/microchip/xc32/v2.50/bin/bin/../../lib/gcc/pic32c/6.2.1/../../../../pic32c/lib\libc_nano.a(lib_a-stdio.o)
 .debug_ranges  0x0000000000000a80       0x30 c:/program files/microchip/xc32/v2.50/bin/bin/../../lib/gcc/pic32c/6.2.1/../../../../pic32c/lib\libc_nano.a(lib_a-wbuf.o)
 .debug_ranges  0x0000000000000ab0       0x10 c:/program files/microchip/xc32/v2.50/bin/bin/../../lib/gcc/pic32c/6.2.1/../../../../pic32c/lib\libc_nano.a(lib_a-writer.o)
 .debug_ranges  0x0000000000000ac0       0x38 c:/program files/microchip/xc32/v2.50/bin/bin/../../lib/gcc/pic32c/6.2.1/../../../../pic32c/lib\libc_nano.a(lib_a-wsetup.o)
 .debug_ranges  0x0000000000000af8       0x10 c:/program files/microchip/xc32/v2.50/bin/bin/../../lib/gcc/pic32c/6.2.1/../../../../pic32c/lib\libc_nano.a(lib_a-closer.o)
 .debug_ranges  0x0000000000000b08       0x50 c:/program files/microchip/xc32/v2.50/bin/bin/../../lib/gcc/pic32c/6.2.1/../../../../pic32c/lib\libc_nano.a(lib_a-fputwc.o)
 .debug_ranges  0x0000000000000b58       0x10 c:/program files/microchip/xc32/v2.50/bin/bin/../../lib/gcc/pic32c/6.2.1/../../../../pic32c/lib\libc_nano.a(lib_a-fstatr.o)
 .debug_ranges  0x0000000000000b68       0x10 c:/program files/microchip/xc32/v2.50/bin/bin/../../lib/gcc/pic32c/6.2.1/../../../../pic32c/lib\libc_nano.a(lib_a-isattyr.o)
 .debug_ranges  0x0000000000000b78       0x30 c:/program files/microchip/xc32/v2.50/bin/bin/../../lib/gcc/pic32c/6.2.1/../../../../pic32c/lib\libc_nano.a(lib_a-locale.o)
 .debug_ranges  0x0000000000000ba8       0x10 c:/program files/microchip/xc32/v2.50/bin/bin/../../lib/gcc/pic32c/6.2.1/../../../../pic32c/lib\libc_nano.a(lib_a-lseekr.o)
 .debug_ranges  0x0000000000000bb8       0x18 c:/program files/microchip/xc32/v2.50/bin/bin/../../lib/gcc/pic32c/6.2.1/../../../../pic32c/lib\libc_nano.a(lib_a-mbtowc_r.o)
 .debug_ranges  0x0000000000000bd0       0x10 c:/program files/microchip/xc32/v2.50/bin/bin/../../lib/gcc/pic32c/6.2.1/../../../../pic32c/lib\libc_nano.a(lib_a-memchr-stub.o)
 .debug_ranges  0x0000000000000be0       0x10 c:/program files/microchip/xc32/v2.50/bin/bin/../../lib/gcc/pic32c/6.2.1/../../../../pic32c/lib\libc_nano.a(lib_a-mlock.o)
 .debug_ranges  0x0000000000000bf0       0x10 c:/program files/microchip/xc32/v2.50/bin/bin/../../lib/gcc/pic32c/6.2.1/../../../../pic32c/lib\libc_nano.a(lib_a-readr.o)
 .debug_ranges  0x0000000000000c00       0x48 c:/program files/microchip/xc32/v2.50/bin/bin/../../lib/gcc/pic32c/6.2.1/../../../../pic32c/lib\libc_nano.a(lib_a-reent.o)
 .debug_ranges  0x0000000000000c48       0x30 c:/program files/microchip/xc32/v2.50/bin/bin/../../lib/gcc/pic32c/6.2.1/../../../../pic32c/lib\libc_nano.a(lib_a-wcrtomb.o)
 .debug_ranges  0x0000000000000c78       0x18 c:/program files/microchip/xc32/v2.50/bin/bin/../../lib/gcc/pic32c/6.2.1/../../../../pic32c/lib\libc_nano.a(lib_a-wctomb_r.o)
 .debug_ranges  0x0000000000000c90       0x10 c:/program files/microchip/xc32/v2.50/bin/bin/../../lib/gcc/pic32c/6.2.1/../../../../pic32c/lib\libpic32c.a(_close.o)
 .debug_ranges  0x0000000000000ca0       0x10 c:/program files/microchip/xc32/v2.50/bin/bin/../../lib/gcc/pic32c/6.2.1/../../../../pic32c/lib\libpic32c.a(_fstat.o)
 .debug_ranges  0x0000000000000cb0       0x10 c:/program files/microchip/xc32/v2.50/bin/bin/../../lib/gcc/pic32c/6.2.1/../../../../pic32c/lib\libpic32c.a(_isatty.o)
 .debug_ranges  0x0000000000000cc0       0x10 c:/program files/microchip/xc32/v2.50/bin/bin/../../lib/gcc/pic32c/6.2.1/../../../../pic32c/lib\libpic32c.a(_lseek.o)
 .debug_ranges  0x0000000000000cd0       0x10 c:/program files/microchip/xc32/v2.50/bin/bin/../../lib/gcc/pic32c/6.2.1/../../../../pic32c/lib\libpic32c.a(_read.o)
 .debug_ranges  0x0000000000000ce0       0x10 c:/program files/microchip/xc32/v2.50/bin/bin/../../lib/gcc/pic32c/6.2.1/../../../../pic32c/lib\libpic32c.a(sbrk.o)
 .debug_ranges  0x0000000000000cf0       0x10 c:/program files/microchip/xc32/v2.50/bin/bin/../../lib/gcc/pic32c/6.2.1/../../../../pic32c/lib\libpic32c.a(_write.o)
 .debug_ranges  0x0000000000000d00       0x10 c:/program files/microchip/xc32/v2.50/bin/bin/../../lib/gcc/pic32c/6.2.1/../../../../pic32c/lib\libpic32c.a(close.o)
 .debug_ranges  0x0000000000000d10       0x10 c:/program files/microchip/xc32/v2.50/bin/bin/../../lib/gcc/pic32c/6.2.1/../../../../pic32c/lib\libpic32c.a(fstat.o)
 .debug_ranges  0x0000000000000d20       0x10 c:/program files/microchip/xc32/v2.50/bin/bin/../../lib/gcc/pic32c/6.2.1/../../../../pic32c/lib\libpic32c.a(isatty.o)
 .debug_ranges  0x0000000000000d30       0x10 c:/program files/microchip/xc32/v2.50/bin/bin/../../lib/gcc/pic32c/6.2.1/../../../../pic32c/lib\libpic32c.a(lseek.o)
 .debug_ranges  0x0000000000000d40       0x10 c:/program files/microchip/xc32/v2.50/bin/bin/../../lib/gcc/pic32c/6.2.1/../../../../pic32c/lib\libpic32c.a(read.o)
 .debug_ranges  0x0000000000000d50       0x10 c:/program files/microchip/xc32/v2.50/bin/bin/../../lib/gcc/pic32c/6.2.1/../../../../pic32c/lib\libpic32c.a(write.o)

.debug_line     0x0000000000000000     0x9499
 .debug_line    0x0000000000000000      0x2b8 build/default/production/_ext/659850791/canfd.o
 .debug_line    0x00000000000002b8      0x15c build/default/production/_ext/1984496892/plib_clock.o
 .debug_line    0x0000000000000414       0x64 build/default/production/_ext/1986646378/plib_evsys.o
 .debug_line    0x0000000000000478       0xa6 build/default/production/_ext/1865468468/plib_nvic.o
 .debug_line    0x000000000000051e      0x294 build/default/production/_ext/1593096446/plib_nvmctrl.o
 .debug_line    0x00000000000007b2      0x1dc build/default/production/_ext/1865521619/plib_port.o
 .debug_line    0x000000000000098e      0x29d build/default/production/_ext/17022449/plib_sercom1_spi_master.o
 .debug_line    0x0000000000000c2b      0x310 build/default/production/_ext/504274921/plib_sercom5_usart.o
 .debug_line    0x0000000000000f3b      0x210 build/default/production/_ext/1827571544/plib_systick.o
 .debug_line    0x000000000000114b      0x1bd build/default/production/_ext/163028504/xc32_monitor.o
 .debug_line    0x0000000000001308      0x3c7 build/default/production/_ext/1171490990/initialization.o
 .debug_line    0x00000000000016cf      0x18a build/default/production/_ext/1171490990/interrupts.o
 .debug_line    0x0000000000001859      0x10b build/default/production/_ext/1171490990/exceptions.o
 .debug_line    0x0000000000001964      0x1e6 build/default/production/_ext/1171490990/startup_xc32.o
 .debug_line    0x0000000000001b4a     0x113c build/default/production/_ext/374323801/drv_canfdspi_api.o
 .debug_line    0x0000000000002c86      0x23f build/default/production/_ext/1360937237/main.o
 .debug_line    0x0000000000002ec5       0xe3 c:/program files/microchip/xc32/v2.50/bin/bin/../../lib/gcc/pic32c/6.2.1/../../../../pic32c/lib\libpic32c.a(data_init.o)
 .debug_line    0x0000000000002fa8       0xb3 c:/program files/microchip/xc32/v2.50/bin/bin/../../lib/gcc/pic32c/6.2.1\libgcc.a(_udivsi3.o)
 .debug_line    0x000000000000305b       0x9c c:/program files/microchip/xc32/v2.50/bin/bin/../../lib/gcc/pic32c/6.2.1\libgcc.a(_dvmd_tls.o)
 .debug_line    0x00000000000030f7      0x296 c:/program files/microchip/xc32/v2.50/bin/bin/../../lib/gcc/pic32c/6.2.1\libgcc.a(_muldi3.o)
 .debug_line    0x000000000000338d      0x17e c:/program files/microchip/xc32/v2.50/bin/bin/../../lib/gcc/pic32c/6.2.1/../../../../pic32c/lib\libc_nano.a(lib_a-impure.o)
 .debug_line    0x000000000000350b      0x118 c:/program files/microchip/xc32/v2.50/bin/bin/../../lib/gcc/pic32c/6.2.1/../../../../pic32c/lib\libc_nano.a(lib_a-init.o)
 .debug_line    0x0000000000003623      0x1c8 c:/program files/microchip/xc32/v2.50/bin/bin/../../lib/gcc/pic32c/6.2.1/../../../../pic32c/lib\libc_nano.a(_lib_a-printf.cdnopuxX.o)
 .debug_line    0x00000000000037eb      0x227 c:/program files/microchip/xc32/v2.50/bin/bin/../../lib/gcc/pic32c/6.2.1/../../../../pic32c/lib\libc_nano.a(lib_a-rand.o)
 .debug_line    0x0000000000003a12      0x225 c:/program files/microchip/xc32/v2.50/bin/bin/../../lib/gcc/pic32c/6.2.1/../../../../pic32c/lib\libc_nano.a(lib_a-setbuf.o)
 .debug_line    0x0000000000003c37      0x283 c:/program files/microchip/xc32/v2.50/bin/bin/../../lib/gcc/pic32c/6.2.1/../../../../pic32c/lib\libc_nano.a(lib_a-setvbuf.o)
 .debug_line    0x0000000000003eba      0x2d3 c:/program files/microchip/xc32/v2.50/bin/bin/../../lib/gcc/pic32c/6.2.1/../../../../pic32c/lib\libc_nano.a(lib_a-fflush.o)
 .debug_line    0x000000000000418d      0x315 c:/program files/microchip/xc32/v2.50/bin/bin/../../lib/gcc/pic32c/6.2.1/../../../../pic32c/lib\libc_nano.a(lib_a-findfp.o)
 .debug_line    0x00000000000044a2      0x269 c:/program files/microchip/xc32/v2.50/bin/bin/../../lib/gcc/pic32c/6.2.1/../../../../pic32c/lib\libc_nano.a(lib_a-fwalk.o)
 .debug_line    0x000000000000470b      0x328 c:/program files/microchip/xc32/v2.50/bin/bin/../../lib/gcc/pic32c/6.2.1/../../../../pic32c/lib\libc_nano.a(lib_a-makebuf.o)
 .debug_line    0x0000000000004a33      0x224 c:/program files/microchip/xc32/v2.50/bin/bin/../../lib/gcc/pic32c/6.2.1/../../../../pic32c/lib\libc_nano.a(lib_a-malloc.o)
 .debug_line    0x0000000000004c57      0x2ad c:/program files/microchip/xc32/v2.50/bin/bin/../../lib/gcc/pic32c/6.2.1/../../../../pic32c/lib\libc_nano.a(lib_a-memset.o)
 .debug_line    0x0000000000004f04      0x1d4 c:/program files/microchip/xc32/v2.50/bin/bin/../../lib/gcc/pic32c/6.2.1/../../../../pic32c/lib\libc_nano.a(lib_a-nano-freer.o)
 .debug_line    0x00000000000050d8      0x259 c:/program files/microchip/xc32/v2.50/bin/bin/../../lib/gcc/pic32c/6.2.1/../../../../pic32c/lib\libc_nano.a(lib_a-nano-mallocr.o)
 .debug_line    0x0000000000005331      0x3c3 c:/program files/microchip/xc32/v2.50/bin/bin/../../lib/gcc/pic32c/6.2.1/../../../../pic32c/lib\libc_nano.a(_lib_a-nano-vfprintf.cdnopuxX.o)
 .debug_line    0x00000000000056f4      0x490 c:/program files/microchip/xc32/v2.50/bin/bin/../../lib/gcc/pic32c/6.2.1/../../../../pic32c/lib\libc_nano.a(lib_a-nano-vfprintf_i.o)
 .debug_line    0x0000000000005b84      0x214 c:/program files/microchip/xc32/v2.50/bin/bin/../../lib/gcc/pic32c/6.2.1/../../../../pic32c/lib\libc_nano.a(lib_a-sbrkr.o)
 .debug_line    0x0000000000005d98      0x365 c:/program files/microchip/xc32/v2.50/bin/bin/../../lib/gcc/pic32c/6.2.1/../../../../pic32c/lib\libc_nano.a(lib_a-__ssfputs.o)
 .debug_line    0x00000000000060fd      0x2a3 c:/program files/microchip/xc32/v2.50/bin/bin/../../lib/gcc/pic32c/6.2.1/../../../../pic32c/lib\libc_nano.a(lib_a-stdio.o)
 .debug_line    0x00000000000063a0      0x27d c:/program files/microchip/xc32/v2.50/bin/bin/../../lib/gcc/pic32c/6.2.1/../../../../pic32c/lib\libc_nano.a(lib_a-wbuf.o)
 .debug_line    0x000000000000661d      0x211 c:/program files/microchip/xc32/v2.50/bin/bin/../../lib/gcc/pic32c/6.2.1/../../../../pic32c/lib\libc_nano.a(lib_a-writer.o)
 .debug_line    0x000000000000682e      0x26c c:/program files/microchip/xc32/v2.50/bin/bin/../../lib/gcc/pic32c/6.2.1/../../../../pic32c/lib\libc_nano.a(lib_a-wsetup.o)
 .debug_line    0x0000000000006a9a      0x215 c:/program files/microchip/xc32/v2.50/bin/bin/../../lib/gcc/pic32c/6.2.1/../../../../pic32c/lib\libc_nano.a(lib_a-closer.o)
 .debug_line    0x0000000000006caf      0x2a0 c:/program files/microchip/xc32/v2.50/bin/bin/../../lib/gcc/pic32c/6.2.1/../../../../pic32c/lib\libc_nano.a(lib_a-fputwc.o)
 .debug_line    0x0000000000006f4f      0x2c3 c:/program files/microchip/xc32/v2.50/bin/bin/../../lib/gcc/pic32c/6.2.1/../../../../pic32c/lib\libc_nano.a(lib_a-fstatr.o)
 .debug_line    0x0000000000007212      0x216 c:/program files/microchip/xc32/v2.50/bin/bin/../../lib/gcc/pic32c/6.2.1/../../../../pic32c/lib\libc_nano.a(lib_a-isattyr.o)
 .debug_line    0x0000000000007428      0x32f c:/program files/microchip/xc32/v2.50/bin/bin/../../lib/gcc/pic32c/6.2.1/../../../../pic32c/lib\libc_nano.a(lib_a-locale.o)
 .debug_line    0x0000000000007757      0x211 c:/program files/microchip/xc32/v2.50/bin/bin/../../lib/gcc/pic32c/6.2.1/../../../../pic32c/lib\libc_nano.a(lib_a-lseekr.o)
 .debug_line    0x0000000000007968      0x2d9 c:/program files/microchip/xc32/v2.50/bin/bin/../../lib/gcc/pic32c/6.2.1/../../../../pic32c/lib\libc_nano.a(lib_a-mbtowc_r.o)
 .debug_line    0x0000000000007c41      0x21c c:/program files/microchip/xc32/v2.50/bin/bin/../../lib/gcc/pic32c/6.2.1/../../../../pic32c/lib\libc_nano.a(lib_a-memchr-stub.o)
 .debug_line    0x0000000000007e5d      0x18e c:/program files/microchip/xc32/v2.50/bin/bin/../../lib/gcc/pic32c/6.2.1/../../../../pic32c/lib\libc_nano.a(lib_a-mlock.o)
 .debug_line    0x0000000000007feb      0x210 c:/program files/microchip/xc32/v2.50/bin/bin/../../lib/gcc/pic32c/6.2.1/../../../../pic32c/lib\libc_nano.a(lib_a-readr.o)
 .debug_line    0x00000000000081fb      0x23f c:/program files/microchip/xc32/v2.50/bin/bin/../../lib/gcc/pic32c/6.2.1/../../../../pic32c/lib\libc_nano.a(lib_a-reent.o)
 .debug_line    0x000000000000843a      0x2ee c:/program files/microchip/xc32/v2.50/bin/bin/../../lib/gcc/pic32c/6.2.1/../../../../pic32c/lib\libc_nano.a(lib_a-wcrtomb.o)
 .debug_line    0x0000000000008728      0x2cf c:/program files/microchip/xc32/v2.50/bin/bin/../../lib/gcc/pic32c/6.2.1/../../../../pic32c/lib\libc_nano.a(lib_a-wctomb_r.o)
 .debug_line    0x00000000000089f7      0x21e c:/program files/microchip/xc32/v2.50/bin/bin/../../lib/gcc/pic32c/6.2.1/../../../../pic32c/lib\libc_nano.a(lib_a-ctype_.o)
 .debug_line    0x0000000000008c15       0x9d c:/program files/microchip/xc32/v2.50/bin/bin/../../lib/gcc/pic32c/6.2.1/../../../../pic32c/lib\libpic32c.a(_close.o)
 .debug_line    0x0000000000008cb2       0x9d c:/program files/microchip/xc32/v2.50/bin/bin/../../lib/gcc/pic32c/6.2.1/../../../../pic32c/lib\libpic32c.a(_fstat.o)
 .debug_line    0x0000000000008d4f       0x9e c:/program files/microchip/xc32/v2.50/bin/bin/../../lib/gcc/pic32c/6.2.1/../../../../pic32c/lib\libpic32c.a(_isatty.o)
 .debug_line    0x0000000000008ded       0x9d c:/program files/microchip/xc32/v2.50/bin/bin/../../lib/gcc/pic32c/6.2.1/../../../../pic32c/lib\libpic32c.a(_lseek.o)
 .debug_line    0x0000000000008e8a       0x9c c:/program files/microchip/xc32/v2.50/bin/bin/../../lib/gcc/pic32c/6.2.1/../../../../pic32c/lib\libpic32c.a(_read.o)
 .debug_line    0x0000000000008f26       0xa4 c:/program files/microchip/xc32/v2.50/bin/bin/../../lib/gcc/pic32c/6.2.1/../../../../pic32c/lib\libpic32c.a(sbrk.o)
 .debug_line    0x0000000000008fca       0x9d c:/program files/microchip/xc32/v2.50/bin/bin/../../lib/gcc/pic32c/6.2.1/../../../../pic32c/lib\libpic32c.a(_write.o)
 .debug_line    0x0000000000009067       0x9b c:/program files/microchip/xc32/v2.50/bin/bin/../../lib/gcc/pic32c/6.2.1/../../../../pic32c/lib\libpic32c.a(close.o)
 .debug_line    0x0000000000009102      0x104 c:/program files/microchip/xc32/v2.50/bin/bin/../../lib/gcc/pic32c/6.2.1/../../../../pic32c/lib\libpic32c.a(fstat.o)
 .debug_line    0x0000000000009206       0x9c c:/program files/microchip/xc32/v2.50/bin/bin/../../lib/gcc/pic32c/6.2.1/../../../../pic32c/lib\libpic32c.a(isatty.o)
 .debug_line    0x00000000000092a2       0x9b c:/program files/microchip/xc32/v2.50/bin/bin/../../lib/gcc/pic32c/6.2.1/../../../../pic32c/lib\libpic32c.a(lseek.o)
 .debug_line    0x000000000000933d       0xae c:/program files/microchip/xc32/v2.50/bin/bin/../../lib/gcc/pic32c/6.2.1/../../../../pic32c/lib\libpic32c.a(read.o)
 .debug_line    0x00000000000093eb       0xae c:/program files/microchip/xc32/v2.50/bin/bin/../../lib/gcc/pic32c/6.2.1/../../../../pic32c/lib\libpic32c.a(write.o)

.debug_str      0x0000000000000000     0x16f1
 .debug_str     0x0000000000000000      0x327 build/default/production/_ext/659850791/canfd.o
 .debug_str     0x0000000000000327       0x28 build/default/production/_ext/1984496892/plib_clock.o
 .debug_str     0x000000000000034f        0x0 build/default/production/_ext/1986646378/plib_evsys.o
 .debug_str     0x000000000000034f        0x0 build/default/production/_ext/1865468468/plib_nvic.o
 .debug_str     0x000000000000034f       0x1f build/default/production/_ext/1593096446/plib_nvmctrl.o
 .debug_str     0x000000000000036e        0xb build/default/production/_ext/1865521619/plib_port.o
 .debug_str     0x0000000000000379      0x110 build/default/production/_ext/17022449/plib_sercom1_spi_master.o
 .debug_str     0x0000000000000489      0x102 build/default/production/_ext/504274921/plib_sercom5_usart.o
 .debug_str     0x000000000000058b        0x9 build/default/production/_ext/1827571544/plib_systick.o
 .debug_str     0x0000000000000594       0x35 build/default/production/_ext/163028504/xc32_monitor.o
 .debug_str     0x00000000000005c9       0xab build/default/production/_ext/1171490990/initialization.o
 .debug_str     0x0000000000000674        0xe build/default/production/_ext/1171490990/interrupts.o
 .debug_str     0x0000000000000682        0xe build/default/production/_ext/1171490990/exceptions.o
 .debug_str     0x0000000000000690       0x79 build/default/production/_ext/1171490990/startup_xc32.o
 .debug_str     0x0000000000000709      0x34a build/default/production/_ext/374323801/drv_canfdspi_api.o
 .debug_str     0x0000000000000a53       0x5c build/default/production/_ext/1360937237/main.o
 .debug_str     0x0000000000000aaf        0x0 c:/program files/microchip/xc32/v2.50/bin/bin/../../lib/gcc/pic32c/6.2.1/../../../../pic32c/lib\libpic32c.a(data_init.o)